Archive member included to satisfy reference by file (symbol)

c:/st/stm32cubeide_1.3.0/stm32cubeide/plugins/com.st.stm32cube.ide.mcu.externaltools.gnu-tools-for-stm32.7-2018-q2-update.win32_1.0.0.201904181610/tools/bin/../lib/gcc/arm-none-eabi/7.3.1/../../../../arm-none-eabi/lib/thumb/v7-m\libc_nano.a(lib_a-errno.o)
                              Core/Src/syscalls.o (__errno)
c:/st/stm32cubeide_1.3.0/stm32cubeide/plugins/com.st.stm32cube.ide.mcu.externaltools.gnu-tools-for-stm32.7-2018-q2-update.win32_1.0.0.201904181610/tools/bin/../lib/gcc/arm-none-eabi/7.3.1/../../../../arm-none-eabi/lib/thumb/v7-m\libc_nano.a(lib_a-exit.o)
                              c:/st/stm32cubeide_1.3.0/stm32cubeide/plugins/com.st.stm32cube.ide.mcu.externaltools.gnu-tools-for-stm32.7-2018-q2-update.win32_1.0.0.201904181610/tools/bin/../lib/gcc/arm-none-eabi/7.3.1/../../../../arm-none-eabi/lib/thumb/v7-m/crt0.o (exit)
c:/st/stm32cubeide_1.3.0/stm32cubeide/plugins/com.st.stm32cube.ide.mcu.externaltools.gnu-tools-for-stm32.7-2018-q2-update.win32_1.0.0.201904181610/tools/bin/../lib/gcc/arm-none-eabi/7.3.1/../../../../arm-none-eabi/lib/thumb/v7-m\libc_nano.a(lib_a-impure.o)
                              c:/st/stm32cubeide_1.3.0/stm32cubeide/plugins/com.st.stm32cube.ide.mcu.externaltools.gnu-tools-for-stm32.7-2018-q2-update.win32_1.0.0.201904181610/tools/bin/../lib/gcc/arm-none-eabi/7.3.1/../../../../arm-none-eabi/lib/thumb/v7-m\libc_nano.a(lib_a-exit.o) (_global_impure_ptr)
c:/st/stm32cubeide_1.3.0/stm32cubeide/plugins/com.st.stm32cube.ide.mcu.externaltools.gnu-tools-for-stm32.7-2018-q2-update.win32_1.0.0.201904181610/tools/bin/../lib/gcc/arm-none-eabi/7.3.1/../../../../arm-none-eabi/lib/thumb/v7-m\libc_nano.a(lib_a-init.o)
                              c:/st/stm32cubeide_1.3.0/stm32cubeide/plugins/com.st.stm32cube.ide.mcu.externaltools.gnu-tools-for-stm32.7-2018-q2-update.win32_1.0.0.201904181610/tools/bin/../lib/gcc/arm-none-eabi/7.3.1/../../../../arm-none-eabi/lib/thumb/v7-m/crt0.o (__libc_init_array)
c:/st/stm32cubeide_1.3.0/stm32cubeide/plugins/com.st.stm32cube.ide.mcu.externaltools.gnu-tools-for-stm32.7-2018-q2-update.win32_1.0.0.201904181610/tools/bin/../lib/gcc/arm-none-eabi/7.3.1/../../../../arm-none-eabi/lib/thumb/v7-m\libc_nano.a(lib_a-memset.o)
                              c:/st/stm32cubeide_1.3.0/stm32cubeide/plugins/com.st.stm32cube.ide.mcu.externaltools.gnu-tools-for-stm32.7-2018-q2-update.win32_1.0.0.201904181610/tools/bin/../lib/gcc/arm-none-eabi/7.3.1/../../../../arm-none-eabi/lib/thumb/v7-m/crt0.o (memset)
c:/st/stm32cubeide_1.3.0/stm32cubeide/plugins/com.st.stm32cube.ide.mcu.externaltools.gnu-tools-for-stm32.7-2018-q2-update.win32_1.0.0.201904181610/tools/bin/../lib/gcc/arm-none-eabi/7.3.1/../../../../arm-none-eabi/lib/thumb/v7-m\libc_nano.a(lib_a-strcpy.o)
                              Core/Src/menu.o (strcpy)
c:/st/stm32cubeide_1.3.0/stm32cubeide/plugins/com.st.stm32cube.ide.mcu.externaltools.gnu-tools-for-stm32.7-2018-q2-update.win32_1.0.0.201904181610/tools/bin/../lib/gcc/arm-none-eabi/7.3.1/thumb/v7-m\libgcc.a(_arm_addsubdf3.o)
                              Core/Inc/graphic.o (__aeabi_dsub)
c:/st/stm32cubeide_1.3.0/stm32cubeide/plugins/com.st.stm32cube.ide.mcu.externaltools.gnu-tools-for-stm32.7-2018-q2-update.win32_1.0.0.201904181610/tools/bin/../lib/gcc/arm-none-eabi/7.3.1/thumb/v7-m\libgcc.a(_arm_muldivdf3.o)
                              Core/Inc/graphic.o (__aeabi_dmul)
c:/st/stm32cubeide_1.3.0/stm32cubeide/plugins/com.st.stm32cube.ide.mcu.externaltools.gnu-tools-for-stm32.7-2018-q2-update.win32_1.0.0.201904181610/tools/bin/../lib/gcc/arm-none-eabi/7.3.1/thumb/v7-m\libgcc.a(_arm_fixdfsi.o)
                              Core/Inc/graphic.o (__aeabi_d2iz)
c:/st/stm32cubeide_1.3.0/stm32cubeide/plugins/com.st.stm32cube.ide.mcu.externaltools.gnu-tools-for-stm32.7-2018-q2-update.win32_1.0.0.201904181610/tools/bin/../lib/gcc/arm-none-eabi/7.3.1/thumb/v7-m\libgcc.a(_arm_fixunsdfsi.o)
                              Core/Inc/graphic.o (__aeabi_d2uiz)

Allocating common symbols
Common symbol       size              file

joystick_button_toggle
                    0x1               Core/Inc/graphic.o
snake_menu          0x54c             Core/Src/main.o
hspi2               0x58              Core/Inc/graphic.o
htim4               0x40              Core/Src/main.o
uwTick              0x4               Drivers/STM32F1xx_HAL_Driver/Src/stm32f1xx_hal.o
pFlash              0x20              Drivers/STM32F1xx_HAL_Driver/Src/stm32f1xx_hal_flash.o
joystick_button_changed
                    0x1               Core/Inc/graphic.o
hadc1               0x30              Core/Inc/graphic.o
joystick_button_pressed
                    0x1               Core/Inc/graphic.o
hdma_adc1           0x44              Core/Src/main.o
joystick            0x4               Core/Inc/graphic.o
system_actual       0x4               Core/Inc/graphic.o
main_menu           0x54c             Core/Src/main.o
[...]
Memory Configuration

Name             Origin             Length             Attributes
RAM              0x0000000020000000 0x0000000000005000 xrw
FLASH            0x0000000008000000 0x0000000000020000 xr
*default*        0x0000000000000000 0xffffffffffffffff

Linker script and memory map

LOAD c:/st/stm32cubeide_1.3.0/stm32cubeide/plugins/com.st.stm32cube.ide.mcu.externaltools.gnu-tools-for-stm32.7-2018-q2-update.win32_1.0.0.201904181610/tools/bin/../lib/gcc/arm-none-eabi/7.3.1/thumb/v7-m/crti.o
LOAD c:/st/stm32cubeide_1.3.0/stm32cubeide/plugins/com.st.stm32cube.ide.mcu.externaltools.gnu-tools-for-stm32.7-2018-q2-update.win32_1.0.0.201904181610/tools/bin/../lib/gcc/arm-none-eabi/7.3.1/thumb/v7-m/crtbegin.o
LOAD c:/st/stm32cubeide_1.3.0/stm32cubeide/plugins/com.st.stm32cube.ide.mcu.externaltools.gnu-tools-for-stm32.7-2018-q2-update.win32_1.0.0.201904181610/tools/bin/../lib/gcc/arm-none-eabi/7.3.1/../../../../arm-none-eabi/lib/thumb/v7-m/crt0.o
LOAD Core/Inc/graphic.o
LOAD Core/Src/FONT.o
LOAD Core/Src/main.o
LOAD Core/Src/menu.o
LOAD Core/Src/run.o
LOAD Core/Src/snake.o
LOAD Core/Src/stm32f1xx_hal_msp.o
LOAD Core/Src/stm32f1xx_it.o
LOAD Core/Src/syscalls.o
LOAD Core/Src/sysmem.o
LOAD Core/Src/system_joy.o
LOAD Core/Src/system_lcd.o
LOAD Core/Src/system_stm32f1xx.o
LOAD Core/Startup/startup_stm32f103rbtx.o
LOAD Drivers/STM32F1xx_HAL_Driver/Src/stm32f1xx_hal.o
LOAD Drivers/STM32F1xx_HAL_Driver/Src/stm32f1xx_hal_adc.o
LOAD Drivers/STM32F1xx_HAL_Driver/Src/stm32f1xx_hal_adc_ex.o
LOAD Drivers/STM32F1xx_HAL_Driver/Src/stm32f1xx_hal_cortex.o
LOAD Drivers/STM32F1xx_HAL_Driver/Src/stm32f1xx_hal_dma.o
LOAD Drivers/STM32F1xx_HAL_Driver/Src/stm32f1xx_hal_exti.o
LOAD Drivers/STM32F1xx_HAL_Driver/Src/stm32f1xx_hal_flash.o
LOAD Drivers/STM32F1xx_HAL_Driver/Src/stm32f1xx_hal_flash_ex.o
LOAD Drivers/STM32F1xx_HAL_Driver/Src/stm32f1xx_hal_gpio.o
LOAD Drivers/STM32F1xx_HAL_Driver/Src/stm32f1xx_hal_gpio_ex.o
LOAD Drivers/STM32F1xx_HAL_Driver/Src/stm32f1xx_hal_pwr.o
LOAD Drivers/STM32F1xx_HAL_Driver/Src/stm32f1xx_hal_rcc.o
LOAD Drivers/STM32F1xx_HAL_Driver/Src/stm32f1xx_hal_rcc_ex.o
LOAD Drivers/STM32F1xx_HAL_Driver/Src/stm32f1xx_hal_spi.o
LOAD Drivers/STM32F1xx_HAL_Driver/Src/stm32f1xx_hal_tim.o
LOAD Drivers/STM32F1xx_HAL_Driver/Src/stm32f1xx_hal_tim_ex.o
START GROUP
LOAD c:/st/stm32cubeide_1.3.0/stm32cubeide/plugins/com.st.stm32cube.ide.mcu.externaltools.gnu-tools-for-stm32.7-2018-q2-update.win32_1.0.0.201904181610/tools/bin/../lib/gcc/arm-none-eabi/7.3.1/../../../../arm-none-eabi/lib/thumb/v7-m\libstdc++_nano.a
LOAD c:/st/stm32cubeide_1.3.0/stm32cubeide/plugins/com.st.stm32cube.ide.mcu.externaltools.gnu-tools-for-stm32.7-2018-q2-update.win32_1.0.0.201904181610/tools/bin/../lib/gcc/arm-none-eabi/7.3.1/../../../../arm-none-eabi/lib/thumb/v7-m\libsupc++_nano.a
END GROUP
LOAD c:/st/stm32cubeide_1.3.0/stm32cubeide/plugins/com.st.stm32cube.ide.mcu.externaltools.gnu-tools-for-stm32.7-2018-q2-update.win32_1.0.0.201904181610/tools/bin/../lib/gcc/arm-none-eabi/7.3.1/../../../../arm-none-eabi/lib/thumb/v7-m\libstdc++_nano.a
LOAD c:/st/stm32cubeide_1.3.0/stm32cubeide/plugins/com.st.stm32cube.ide.mcu.externaltools.gnu-tools-for-stm32.7-2018-q2-update.win32_1.0.0.201904181610/tools/bin/../lib/gcc/arm-none-eabi/7.3.1/../../../../arm-none-eabi/lib/thumb/v7-m\libm.a
LOAD c:/st/stm32cubeide_1.3.0/stm32cubeide/plugins/com.st.stm32cube.ide.mcu.externaltools.gnu-tools-for-stm32.7-2018-q2-update.win32_1.0.0.201904181610/tools/bin/../lib/gcc/arm-none-eabi/7.3.1/../../../../arm-none-eabi/lib/thumb/v7-m\libc_nano.a
START GROUP
LOAD c:/st/stm32cubeide_1.3.0/stm32cubeide/plugins/com.st.stm32cube.ide.mcu.externaltools.gnu-tools-for-stm32.7-2018-q2-update.win32_1.0.0.201904181610/tools/bin/../lib/gcc/arm-none-eabi/7.3.1/thumb/v7-m\libgcc.a
LOAD c:/st/stm32cubeide_1.3.0/stm32cubeide/plugins/com.st.stm32cube.ide.mcu.externaltools.gnu-tools-for-stm32.7-2018-q2-update.win32_1.0.0.201904181610/tools/bin/../lib/gcc/arm-none-eabi/7.3.1/../../../../arm-none-eabi/lib/thumb/v7-m\libc_nano.a
END GROUP
START GROUP
LOAD c:/st/stm32cubeide_1.3.0/stm32cubeide/plugins/com.st.stm32cube.ide.mcu.externaltools.gnu-tools-for-stm32.7-2018-q2-update.win32_1.0.0.201904181610/tools/bin/../lib/gcc/arm-none-eabi/7.3.1/thumb/v7-m\libgcc.a
LOAD c:/st/stm32cubeide_1.3.0/stm32cubeide/plugins/com.st.stm32cube.ide.mcu.externaltools.gnu-tools-for-stm32.7-2018-q2-update.win32_1.0.0.201904181610/tools/bin/../lib/gcc/arm-none-eabi/7.3.1/../../../../arm-none-eabi/lib/thumb/v7-m\libc_nano.a
LOAD c:/st/stm32cubeide_1.3.0/stm32cubeide/plugins/com.st.stm32cube.ide.mcu.externaltools.gnu-tools-for-stm32.7-2018-q2-update.win32_1.0.0.201904181610/tools/bin/../lib/gcc/arm-none-eabi/7.3.1/../../../../arm-none-eabi/lib/thumb/v7-m\libnosys.a
END GROUP
START GROUP
LOAD c:/st/stm32cubeide_1.3.0/stm32cubeide/plugins/com.st.stm32cube.ide.mcu.externaltools.gnu-tools-for-stm32.7-2018-q2-update.win32_1.0.0.201904181610/tools/bin/../lib/gcc/arm-none-eabi/7.3.1/thumb/v7-m\libgcc.a
LOAD c:/st/stm32cubeide_1.3.0/stm32cubeide/plugins/com.st.stm32cube.ide.mcu.externaltools.gnu-tools-for-stm32.7-2018-q2-update.win32_1.0.0.201904181610/tools/bin/../lib/gcc/arm-none-eabi/7.3.1/../../../../arm-none-eabi/lib/thumb/v7-m\libc_nano.a
LOAD c:/st/stm32cubeide_1.3.0/stm32cubeide/plugins/com.st.stm32cube.ide.mcu.externaltools.gnu-tools-for-stm32.7-2018-q2-update.win32_1.0.0.201904181610/tools/bin/../lib/gcc/arm-none-eabi/7.3.1/../../../../arm-none-eabi/lib/thumb/v7-m\libnosys.a
END GROUP
LOAD c:/st/stm32cubeide_1.3.0/stm32cubeide/plugins/com.st.stm32cube.ide.mcu.externaltools.gnu-tools-for-stm32.7-2018-q2-update.win32_1.0.0.201904181610/tools/bin/../lib/gcc/arm-none-eabi/7.3.1/thumb/v7-m/crtend.o
LOAD c:/st/stm32cubeide_1.3.0/stm32cubeide/plugins/com.st.stm32cube.ide.mcu.externaltools.gnu-tools-for-stm32.7-2018-q2-update.win32_1.0.0.201904181610/tools/bin/../lib/gcc/arm-none-eabi/7.3.1/thumb/v7-m/crtn.o
                0x0000000020005000                _estack = (ORIGIN (RAM) + LENGTH (RAM))
                0x0000000000000200                _Min_Heap_Size = 0x200
                0x0000000000000400                _Min_Stack_Size = 0x400

.isr_vector     0x0000000008000000      0x10c
                0x0000000008000000                . = ALIGN (0x4)
 *(.isr_vector)
 .isr_vector    0x0000000008000000      0x10c Core/Startup/startup_stm32f103rbtx.o
                0x0000000008000000                g_pfnVectors
                0x000000000800010c                . = ALIGN (0x4)

.text           0x000000000800010c     0x4264
                0x000000000800010c                . = ALIGN (0x4)
 *(.text)
 .text          0x000000000800010c       0x40 c:/st/stm32cubeide_1.3.0/stm32cubeide/plugins/com.st.stm32cube.ide.mcu.externaltools.gnu-tools-for-stm32.7-2018-q2-update.win32_1.0.0.201904181610/tools/bin/../lib/gcc/arm-none-eabi/7.3.1/thumb/v7-m/crtbegin.o
 .text          0x000000000800014c      0x378 c:/st/stm32cubeide_1.3.0/stm32cubeide/plugins/com.st.stm32cube.ide.mcu.externaltools.gnu-tools-for-stm32.7-2018-q2-update.win32_1.0.0.201904181610/tools/bin/../lib/gcc/arm-none-eabi/7.3.1/thumb/v7-m\libgcc.a(_arm_addsubdf3.o)
                0x000000000800014c                __aeabi_drsub
                0x0000000008000154                __aeabi_dsub
                0x0000000008000154                __subdf3
                0x0000000008000158                __aeabi_dadd
                0x0000000008000158                __adddf3
                0x00000000080003d0                __floatunsidf
                0x00000000080003d0                __aeabi_ui2d
                0x00000000080003f0                __floatsidf
                0x00000000080003f0                __aeabi_i2d
                0x0000000008000414                __aeabi_f2d
                0x0000000008000414                __extendsfdf2
                0x0000000008000458                __floatundidf
                0x0000000008000458                __aeabi_ul2d
                0x0000000008000468                __floatdidf
                0x0000000008000468                __aeabi_l2d
 .text          0x00000000080004c4      0x424 c:/st/stm32cubeide_1.3.0/stm32cubeide/plugins/com.st.stm32cube.ide.mcu.externaltools.gnu-tools-for-stm32.7-2018-q2-update.win32_1.0.0.201904181610/tools/bin/../lib/gcc/arm-none-eabi/7.3.1/thumb/v7-m\libgcc.a(_arm_muldivdf3.o)
                0x00000000080004c4                __aeabi_dmul
                0x00000000080004c4                __muldf3
                0x0000000008000718                __divdf3
                0x0000000008000718                __aeabi_ddiv
 .text          0x00000000080008e8       0x50 c:/st/stm32cubeide_1.3.0/stm32cubeide/plugins/com.st.stm32cube.ide.mcu.externaltools.gnu-tools-for-stm32.7-2018-q2-update.win32_1.0.0.201904181610/tools/bin/../lib/gcc/arm-none-eabi/7.3.1/thumb/v7-m\libgcc.a(_arm_fixdfsi.o)
                0x00000000080008e8                __aeabi_d2iz
                0x00000000080008e8                __fixdfsi
 .text          0x0000000008000938       0x40 c:/st/stm32cubeide_1.3.0/stm32cubeide/plugins/com.st.stm32cube.ide.mcu.externaltools.gnu-tools-for-stm32.7-2018-q2-update.win32_1.0.0.201904181610/tools/bin/../lib/gcc/arm-none-eabi/7.3.1/thumb/v7-m\libgcc.a(_arm_fixunsdfsi.o)
                0x0000000008000938                __aeabi_d2uiz
                0x0000000008000938                __fixunsdfsi
 *(.text*)
 .text.draw_line
                0x0000000008000978      0x13a Core/Inc/graphic.o
                0x0000000008000978                draw_line
 .text.draw_vertex
                0x0000000008000ab2       0x5a Core/Inc/graphic.o
                0x0000000008000ab2                draw_vertex
 .text.HAL_TIM_PeriodElapsedCallback
                0x0000000008000b0c       0xa4 Core/Src/main.o
                0x0000000008000b0c                HAL_TIM_PeriodElapsedCallback
 .text.main     0x0000000008000bb0       0x50 Core/Src/main.o
                0x0000000008000bb0                main
 .text.SystemClock_Config
                0x0000000008000c00       0xae Core/Src/main.o
                0x0000000008000c00                SystemClock_Config
 *fill*         0x0000000008000cae        0x2 
 .text.MX_ADC1_Init
                0x0000000008000cb0       0x9c Core/Src/main.o
 .text.MX_SPI2_Init
                0x0000000008000d4c       0x6c Core/Src/main.o
 .text.MX_TIM4_Init
                0x0000000008000db8       0x9c Core/Src/main.o
 .text.MX_DMA_Init
                0x0000000008000e54       0x3c Core/Src/main.o
 .text.MX_GPIO_Init
                0x0000000008000e90      0x11c Core/Src/main.o
 .text.Error_Handler
                0x0000000008000fac        0xc Core/Src/main.o
                0x0000000008000fac                Error_Handler
 .text.menu_draw
                0x0000000008000fb8       0xac Core/Src/menu.o
                0x0000000008000fb8                menu_draw
 .text.menu_actual
                0x0000000008001064       0xe0 Core/Src/menu.o
                0x0000000008001064                menu_actual
 .text.menu_set
                0x0000000008001144       0xcc Core/Src/menu.o
                0x0000000008001144                menu_set
 .text.menu_change_set
                0x0000000008001210      0x116 Core/Src/menu.o
                0x0000000008001210                menu_change_set
 .text.menu_pressed
                0x0000000008001326       0x3e Core/Src/menu.o
                0x0000000008001326                menu_pressed
 .text.system_setup
                0x0000000008001364       0x24 Core/Src/run.o
                0x0000000008001364                system_setup
 .text.main_menu_init
                0x0000000008001388      0x134 Core/Src/run.o
                0x0000000008001388                main_menu_init
 .text.snake_menu_init
                0x00000000080014bc       0xc8 Core/Src/run.o
                0x00000000080014bc                snake_menu_init
 .text.exit_game
                0x0000000008001584       0x28 Core/Src/run.o
                0x0000000008001584                exit_game
 .text.snake_menu_set
                0x00000000080015ac       0x1c Core/Src/snake.o
                0x00000000080015ac                snake_menu_set
 .text.snake_new_game
                0x00000000080015c8       0x1c Core/Src/snake.o
                0x00000000080015c8                snake_new_game
 .text.test_draw
                0x00000000080015e4       0x58 Core/Src/snake.o
                0x00000000080015e4                test_draw
 .text.HAL_MspInit
                0x000000000800163c       0x64 Core/Src/stm32f1xx_hal_msp.o
                0x000000000800163c                HAL_MspInit
 .text.HAL_ADC_MspInit
                0x00000000080016a0       0xd0 Core/Src/stm32f1xx_hal_msp.o
                0x00000000080016a0                HAL_ADC_MspInit
 .text.HAL_SPI_MspInit
                0x0000000008001770       0x80 Core/Src/stm32f1xx_hal_msp.o
                0x0000000008001770                HAL_SPI_MspInit
 .text.HAL_TIM_Base_MspInit
                0x00000000080017f0       0x4c Core/Src/stm32f1xx_hal_msp.o
                0x00000000080017f0                HAL_TIM_Base_MspInit
 .text.NMI_Handler
                0x000000000800183c        0xc Core/Src/stm32f1xx_it.o
                0x000000000800183c                NMI_Handler
 .text.HardFault_Handler
                0x0000000008001848        0x6 Core/Src/stm32f1xx_it.o
                0x0000000008001848                HardFault_Handler
 .text.MemManage_Handler
                0x000000000800184e        0x6 Core/Src/stm32f1xx_it.o
                0x000000000800184e                MemManage_Handler
 .text.BusFault_Handler
                0x0000000008001854        0x6 Core/Src/stm32f1xx_it.o
                0x0000000008001854                BusFault_Handler
 .text.UsageFault_Handler
                0x000000000800185a        0x6 Core/Src/stm32f1xx_it.o
                0x000000000800185a                UsageFault_Handler
 .text.SVC_Handler
                0x0000000008001860        0xc Core/Src/stm32f1xx_it.o
                0x0000000008001860                SVC_Handler
 .text.DebugMon_Handler
                0x000000000800186c        0xc Core/Src/stm32f1xx_it.o
                0x000000000800186c                DebugMon_Handler
 .text.PendSV_Handler
                0x0000000008001878        0xc Core/Src/stm32f1xx_it.o
                0x0000000008001878                PendSV_Handler
 .text.SysTick_Handler
                0x0000000008001884        0xc Core/Src/stm32f1xx_it.o
                0x0000000008001884                SysTick_Handler
 .text.DMA1_Channel1_IRQHandler
                0x0000000008001890       0x14 Core/Src/stm32f1xx_it.o
                0x0000000008001890                DMA1_Channel1_IRQHandler
 .text.TIM4_IRQHandler
                0x00000000080018a4       0x14 Core/Src/stm32f1xx_it.o
                0x00000000080018a4                TIM4_IRQHandler
 .text.EXTI15_10_IRQHandler
                0x00000000080018b8       0x10 Core/Src/stm32f1xx_it.o
                0x00000000080018b8                EXTI15_10_IRQHandler
 .text.joy_direction
                0x00000000080018c8       0x9c Core/Src/system_joy.o
                0x00000000080018c8                joy_direction
 .text.lcd_set_point_v
                0x0000000008001964       0xa4 Core/Src/system_lcd.o
                0x0000000008001964                lcd_set_point_v
 .text.lcd_write_line
                0x0000000008001a08       0xa0 Core/Src/system_lcd.o
                0x0000000008001a08                lcd_write_line
 .text.lcd_write_long_text
                0x0000000008001aa8       0x8c Core/Src/system_lcd.o
                0x0000000008001aa8                lcd_write_long_text
 .text.lcd_reset
                0x0000000008001b34       0x20 Core/Src/system_lcd.o
                0x0000000008001b34                lcd_reset
 .text.lcd_cmd  0x0000000008001b54       0x3c Core/Src/system_lcd.o
                0x0000000008001b54                lcd_cmd
 .text.lcd_data
                0x0000000008001b90       0x48 Core/Src/system_lcd.o
                0x0000000008001b90                lcd_data
 .text.system_init
                0x0000000008001bd8       0x2a Core/Src/system_lcd.o
                0x0000000008001bd8                system_init
 *fill*         0x0000000008001c02        0x2 
 .text.lcd_clear
                0x0000000008001c04       0x34 Core/Src/system_lcd.o
                0x0000000008001c04                lcd_clear
 .text.SystemInit
                0x0000000008001c38       0x68 Core/Src/system_stm32f1xx.o
                0x0000000008001c38                SystemInit
 .text.Reset_Handler
                0x0000000008001ca0       0x48 Core/Startup/startup_stm32f103rbtx.o
                0x0000000008001ca0                Reset_Handler
 .text.Default_Handler
                0x0000000008001ce8        0x2 Core/Startup/startup_stm32f103rbtx.o
                0x0000000008001ce8                RTC_Alarm_IRQHandler
                0x0000000008001ce8                EXTI2_IRQHandler
                0x0000000008001ce8                TIM1_CC_IRQHandler
                0x0000000008001ce8                PVD_IRQHandler
                0x0000000008001ce8                EXTI3_IRQHandler
                0x0000000008001ce8                EXTI0_IRQHandler
                0x0000000008001ce8                I2C2_EV_IRQHandler
                0x0000000008001ce8                ADC1_2_IRQHandler
                0x0000000008001ce8                SPI1_IRQHandler
                0x0000000008001ce8                TAMPER_IRQHandler
                0x0000000008001ce8                DMA1_Channel4_IRQHandler
                0x0000000008001ce8                USART3_IRQHandler
                0x0000000008001ce8                RTC_IRQHandler
                0x0000000008001ce8                DMA1_Channel7_IRQHandler
                0x0000000008001ce8                CAN1_RX1_IRQHandler
                0x0000000008001ce8                I2C1_EV_IRQHandler
                0x0000000008001ce8                DMA1_Channel6_IRQHandler
                0x0000000008001ce8                TIM3_IRQHandler
                0x0000000008001ce8                RCC_IRQHandler
                0x0000000008001ce8                TIM1_TRG_COM_IRQHandler
                0x0000000008001ce8                Default_Handler
                0x0000000008001ce8                EXTI9_5_IRQHandler
                0x0000000008001ce8                SPI2_IRQHandler
                0x0000000008001ce8                DMA1_Channel5_IRQHandler
                0x0000000008001ce8                EXTI4_IRQHandler
                0x0000000008001ce8                USB_LP_CAN1_RX0_IRQHandler
                0x0000000008001ce8                USB_HP_CAN1_TX_IRQHandler
                0x0000000008001ce8                DMA1_Channel3_IRQHandler
                0x0000000008001ce8                TIM1_UP_IRQHandler
                0x0000000008001ce8                WWDG_IRQHandler
                0x0000000008001ce8                TIM2_IRQHandler
                0x0000000008001ce8                TIM1_BRK_IRQHandler
                0x0000000008001ce8                EXTI1_IRQHandler
                0x0000000008001ce8                USART2_IRQHandler
                0x0000000008001ce8                I2C2_ER_IRQHandler
                0x0000000008001ce8                DMA1_Channel2_IRQHandler
                0x0000000008001ce8                CAN1_SCE_IRQHandler
                0x0000000008001ce8                FLASH_IRQHandler
                0x0000000008001ce8                USART1_IRQHandler
                0x0000000008001ce8                I2C1_ER_IRQHandler
                0x0000000008001ce8                USBWakeUp_IRQHandler
 *fill*         0x0000000008001cea        0x2 
 .text.HAL_Init
                0x0000000008001cec       0x2c Drivers/STM32F1xx_HAL_Driver/Src/stm32f1xx_hal.o
                0x0000000008001cec                HAL_Init
 .text.HAL_InitTick
                0x0000000008001d18       0x60 Drivers/STM32F1xx_HAL_Driver/Src/stm32f1xx_hal.o
                0x0000000008001d18                HAL_InitTick
 .text.HAL_IncTick
                0x0000000008001d78       0x24 Drivers/STM32F1xx_HAL_Driver/Src/stm32f1xx_hal.o
                0x0000000008001d78                HAL_IncTick
 .text.HAL_GetTick
                0x0000000008001d9c       0x14 Drivers/STM32F1xx_HAL_Driver/Src/stm32f1xx_hal.o
                0x0000000008001d9c                HAL_GetTick
 .text.HAL_ADC_Init
                0x0000000008001db0      0x1b0 Drivers/STM32F1xx_HAL_Driver/Src/stm32f1xx_hal_adc.o
                0x0000000008001db0                HAL_ADC_Init
 .text.HAL_ADC_Start_DMA
                0x0000000008001f60      0x1bc Drivers/STM32F1xx_HAL_Driver/Src/stm32f1xx_hal_adc.o
                0x0000000008001f60                HAL_ADC_Start_DMA
 .text.HAL_ADC_ConvCpltCallback
                0x000000000800211c       0x12 Drivers/STM32F1xx_HAL_Driver/Src/stm32f1xx_hal_adc.o
                0x000000000800211c                HAL_ADC_ConvCpltCallback
 .text.HAL_ADC_ConvHalfCpltCallback
                0x000000000800212e       0x12 Drivers/STM32F1xx_HAL_Driver/Src/stm32f1xx_hal_adc.o
                0x000000000800212e                HAL_ADC_ConvHalfCpltCallback
 .text.HAL_ADC_ErrorCallback
                0x0000000008002140       0x12 Drivers/STM32F1xx_HAL_Driver/Src/stm32f1xx_hal_adc.o
                0x0000000008002140                HAL_ADC_ErrorCallback
 *fill*         0x0000000008002152        0x2 
 .text.HAL_ADC_ConfigChannel
                0x0000000008002154      0x1f0 Drivers/STM32F1xx_HAL_Driver/Src/stm32f1xx_hal_adc.o
                0x0000000008002154                HAL_ADC_ConfigChannel
 .text.ADC_Enable
                0x0000000008002344       0xa4 Drivers/STM32F1xx_HAL_Driver/Src/stm32f1xx_hal_adc.o
                0x0000000008002344                ADC_Enable
 .text.ADC_ConversionStop_Disable
                0x00000000080023e8       0x74 Drivers/STM32F1xx_HAL_Driver/Src/stm32f1xx_hal_adc.o
                0x00000000080023e8                ADC_ConversionStop_Disable
 .text.ADC_DMAConvCplt
                0x000000000800245c       0x7c Drivers/STM32F1xx_HAL_Driver/Src/stm32f1xx_hal_adc.o
                0x000000000800245c                ADC_DMAConvCplt
 .text.ADC_DMAHalfConvCplt
                0x00000000080024d8       0x1c Drivers/STM32F1xx_HAL_Driver/Src/stm32f1xx_hal_adc.o
                0x00000000080024d8                ADC_DMAHalfConvCplt
 .text.ADC_DMAError
                0x00000000080024f4       0x34 Drivers/STM32F1xx_HAL_Driver/Src/stm32f1xx_hal_adc.o
                0x00000000080024f4                ADC_DMAError
 .text.__NVIC_SetPriorityGrouping
                0x0000000008002528       0x48 Drivers/STM32F1xx_HAL_Driver/Src/stm32f1xx_hal_cortex.o
 .text.__NVIC_GetPriorityGrouping
                0x0000000008002570       0x1c Drivers/STM32F1xx_HAL_Driver/Src/stm32f1xx_hal_cortex.o
 .text.__NVIC_EnableIRQ
                0x000000000800258c       0x38 Drivers/STM32F1xx_HAL_Driver/Src/stm32f1xx_hal_cortex.o
 .text.__NVIC_SetPriority
                0x00000000080025c4       0x54 Drivers/STM32F1xx_HAL_Driver/Src/stm32f1xx_hal_cortex.o
 .text.NVIC_EncodePriority
                0x0000000008002618       0x64 Drivers/STM32F1xx_HAL_Driver/Src/stm32f1xx_hal_cortex.o
 .text.SysTick_Config
                0x000000000800267c       0x44 Drivers/STM32F1xx_HAL_Driver/Src/stm32f1xx_hal_cortex.o
 .text.HAL_NVIC_SetPriorityGrouping
                0x00000000080026c0       0x16 Drivers/STM32F1xx_HAL_Driver/Src/stm32f1xx_hal_cortex.o
                0x00000000080026c0                HAL_NVIC_SetPriorityGrouping
 .text.HAL_NVIC_SetPriority
                0x00000000080026d6       0x38 Drivers/STM32F1xx_HAL_Driver/Src/stm32f1xx_hal_cortex.o
                0x00000000080026d6                HAL_NVIC_SetPriority
 .text.HAL_NVIC_EnableIRQ
                0x000000000800270e       0x1c Drivers/STM32F1xx_HAL_Driver/Src/stm32f1xx_hal_cortex.o
                0x000000000800270e                HAL_NVIC_EnableIRQ
 .text.HAL_SYSTICK_Config
                0x000000000800272a       0x18 Drivers/STM32F1xx_HAL_Driver/Src/stm32f1xx_hal_cortex.o
                0x000000000800272a                HAL_SYSTICK_Config
 *fill*         0x0000000008002742        0x2 
 .text.HAL_DMA_Init
                0x0000000008002744       0xb4 Drivers/STM32F1xx_HAL_Driver/Src/stm32f1xx_hal_dma.o
                0x0000000008002744                HAL_DMA_Init
 .text.HAL_DMA_Start_IT
                0x00000000080027f8       0xbe Drivers/STM32F1xx_HAL_Driver/Src/stm32f1xx_hal_dma.o
                0x00000000080027f8                HAL_DMA_Start_IT
 *fill*         0x00000000080028b6        0x2 
 .text.HAL_DMA_IRQHandler
                0x00000000080028b8      0x20c Drivers/STM32F1xx_HAL_Driver/Src/stm32f1xx_hal_dma.o
                0x00000000080028b8                HAL_DMA_IRQHandler
 .text.DMA_SetConfig
                0x0000000008002ac4       0x5a Drivers/STM32F1xx_HAL_Driver/Src/stm32f1xx_hal_dma.o
 *fill*         0x0000000008002b1e        0x2 
 .text.HAL_GPIO_Init
                0x0000000008002b20      0x2b4 Drivers/STM32F1xx_HAL_Driver/Src/stm32f1xx_hal_gpio.o
                0x0000000008002b20                HAL_GPIO_Init
 .text.HAL_GPIO_ReadPin
                0x0000000008002dd4       0x2e Drivers/STM32F1xx_HAL_Driver/Src/stm32f1xx_hal_gpio.o
                0x0000000008002dd4                HAL_GPIO_ReadPin
 .text.HAL_GPIO_WritePin
                0x0000000008002e02       0x30 Drivers/STM32F1xx_HAL_Driver/Src/stm32f1xx_hal_gpio.o
                0x0000000008002e02                HAL_GPIO_WritePin
 *fill*         0x0000000008002e32        0x2 
 .text.HAL_GPIO_EXTI_IRQHandler
                0x0000000008002e34       0x30 Drivers/STM32F1xx_HAL_Driver/Src/stm32f1xx_hal_gpio.o
                0x0000000008002e34                HAL_GPIO_EXTI_IRQHandler
 .text.HAL_GPIO_EXTI_Callback
                0x0000000008002e64       0x14 Drivers/STM32F1xx_HAL_Driver/Src/stm32f1xx_hal_gpio.o
                0x0000000008002e64                HAL_GPIO_EXTI_Callback
 .text.HAL_RCC_OscConfig
                0x0000000008002e78      0x500 Drivers/STM32F1xx_HAL_Driver/Src/stm32f1xx_hal_rcc.o
                0x0000000008002e78                HAL_RCC_OscConfig
 .text.HAL_RCC_ClockConfig
                0x0000000008003378      0x1d4 Drivers/STM32F1xx_HAL_Driver/Src/stm32f1xx_hal_rcc.o
                0x0000000008003378                HAL_RCC_ClockConfig
 .text.HAL_RCC_GetSysClockFreq
                0x000000000800354c       0xc4 Drivers/STM32F1xx_HAL_Driver/Src/stm32f1xx_hal_rcc.o
                0x000000000800354c                HAL_RCC_GetSysClockFreq
 .text.RCC_Delay
                0x0000000008003610       0x3c Drivers/STM32F1xx_HAL_Driver/Src/stm32f1xx_hal_rcc.o
 .text.HAL_RCCEx_PeriphCLKConfig
                0x000000000800364c      0x16c Drivers/STM32F1xx_HAL_Driver/Src/stm32f1xx_hal_rcc_ex.o
                0x000000000800364c                HAL_RCCEx_PeriphCLKConfig
 .text.HAL_SPI_Init
                0x00000000080037b8       0xc2 Drivers/STM32F1xx_HAL_Driver/Src/stm32f1xx_hal_spi.o
                0x00000000080037b8                HAL_SPI_Init
 .text.HAL_SPI_Transmit
                0x000000000800387a      0x268 Drivers/STM32F1xx_HAL_Driver/Src/stm32f1xx_hal_spi.o
                0x000000000800387a                HAL_SPI_Transmit
 .text.SPI_WaitFlagStateUntilTimeout
                0x0000000008003ae2       0xd4 Drivers/STM32F1xx_HAL_Driver/Src/stm32f1xx_hal_spi.o
 .text.SPI_EndRxTxTransaction
                0x0000000008003bb6       0x3c Drivers/STM32F1xx_HAL_Driver/Src/stm32f1xx_hal_spi.o
 .text.HAL_TIM_Base_Init
                0x0000000008003bf2       0x56 Drivers/STM32F1xx_HAL_Driver/Src/stm32f1xx_hal_tim.o
                0x0000000008003bf2                HAL_TIM_Base_Init
 .text.HAL_TIM_Base_Start_IT
                0x0000000008003c48       0x46 Drivers/STM32F1xx_HAL_Driver/Src/stm32f1xx_hal_tim.o
                0x0000000008003c48                HAL_TIM_Base_Start_IT
 .text.HAL_TIM_IRQHandler
                0x0000000008003c8e      0x210 Drivers/STM32F1xx_HAL_Driver/Src/stm32f1xx_hal_tim.o
                0x0000000008003c8e                HAL_TIM_IRQHandler
 .text.HAL_TIM_ConfigClockSource
                0x0000000008003e9e      0x16e Drivers/STM32F1xx_HAL_Driver/Src/stm32f1xx_hal_tim.o
                0x0000000008003e9e                HAL_TIM_ConfigClockSource
 .text.HAL_TIM_OC_DelayElapsedCallback
                0x000000000800400c       0x12 Drivers/STM32F1xx_HAL_Driver/Src/stm32f1xx_hal_tim.o
                0x000000000800400c                HAL_TIM_OC_DelayElapsedCallback
 .text.HAL_TIM_IC_CaptureCallback
                0x000000000800401e       0x12 Drivers/STM32F1xx_HAL_Driver/Src/stm32f1xx_hal_tim.o
                0x000000000800401e                HAL_TIM_IC_CaptureCallback
 .text.HAL_TIM_PWM_PulseFinishedCallback
                0x0000000008004030       0x12 Drivers/STM32F1xx_HAL_Driver/Src/stm32f1xx_hal_tim.o
                0x0000000008004030                HAL_TIM_PWM_PulseFinishedCallback
 .text.HAL_TIM_TriggerCallback
                0x0000000008004042       0x12 Drivers/STM32F1xx_HAL_Driver/Src/stm32f1xx_hal_tim.o
                0x0000000008004042                HAL_TIM_TriggerCallback
 .text.TIM_Base_SetConfig
                0x0000000008004054       0xc4 Drivers/STM32F1xx_HAL_Driver/Src/stm32f1xx_hal_tim.o
                0x0000000008004054                TIM_Base_SetConfig
 .text.TIM_TI1_ConfigInputStage
                0x0000000008004118       0x5c Drivers/STM32F1xx_HAL_Driver/Src/stm32f1xx_hal_tim.o
 .text.TIM_TI2_ConfigInputStage
                0x0000000008004174       0x5e Drivers/STM32F1xx_HAL_Driver/Src/stm32f1xx_hal_tim.o
 .text.TIM_ITRx_SetConfig
                0x00000000080041d2       0x34 Drivers/STM32F1xx_HAL_Driver/Src/stm32f1xx_hal_tim.o
 .text.TIM_ETR_SetConfig
                0x0000000008004206       0x3e Drivers/STM32F1xx_HAL_Driver/Src/stm32f1xx_hal_tim.o
                0x0000000008004206                TIM_ETR_SetConfig
 .text.HAL_TIMEx_MasterConfigSynchronization
                0x0000000008004244       0x88 Drivers/STM32F1xx_HAL_Driver/Src/stm32f1xx_hal_tim_ex.o
                0x0000000008004244                HAL_TIMEx_MasterConfigSynchronization
 .text.HAL_TIMEx_CommutCallback
                0x00000000080042cc       0x12 Drivers/STM32F1xx_HAL_Driver/Src/stm32f1xx_hal_tim_ex.o
                0x00000000080042cc                HAL_TIMEx_CommutCallback
 .text.HAL_TIMEx_BreakCallback
                0x00000000080042de       0x12 Drivers/STM32F1xx_HAL_Driver/Src/stm32f1xx_hal_tim_ex.o
                0x00000000080042de                HAL_TIMEx_BreakCallback
 .text.__libc_init_array
                0x00000000080042f0       0x48 c:/st/stm32cubeide_1.3.0/stm32cubeide/plugins/com.st.stm32cube.ide.mcu.externaltools.gnu-tools-for-stm32.7-2018-q2-update.win32_1.0.0.201904181610/tools/bin/../lib/gcc/arm-none-eabi/7.3.1/../../../../arm-none-eabi/lib/thumb/v7-m\libc_nano.a(lib_a-init.o)
                0x00000000080042f0                __libc_init_array
 .text.memset   0x0000000008004338       0x10 c:/st/stm32cubeide_1.3.0/stm32cubeide/plugins/com.st.stm32cube.ide.mcu.externaltools.gnu-tools-for-stm32.7-2018-q2-update.win32_1.0.0.201904181610/tools/bin/../lib/gcc/arm-none-eabi/7.3.1/../../../../arm-none-eabi/lib/thumb/v7-m\libc_nano.a(lib_a-memset.o)
                0x0000000008004338                memset
 .text.strcpy   0x0000000008004348       0x10 c:/st/stm32cubeide_1.3.0/stm32cubeide/plugins/com.st.stm32cube.ide.mcu.externaltools.gnu-tools-for-stm32.7-2018-q2-update.win32_1.0.0.201904181610/tools/bin/../lib/gcc/arm-none-eabi/7.3.1/../../../../arm-none-eabi/lib/thumb/v7-m\libc_nano.a(lib_a-strcpy.o)
                0x0000000008004348                strcpy
 *(.glue_7)
 .glue_7        0x0000000008004358        0x0 linker stubs
 *(.glue_7t)
 .glue_7t       0x0000000008004358        0x0 linker stubs
 *(.eh_frame)
 .eh_frame      0x0000000008004358        0x0 c:/st/stm32cubeide_1.3.0/stm32cubeide/plugins/com.st.stm32cube.ide.mcu.externaltools.gnu-tools-for-stm32.7-2018-q2-update.win32_1.0.0.201904181610/tools/bin/../lib/gcc/arm-none-eabi/7.3.1/thumb/v7-m/crtbegin.o
 *(.init)
 .init          0x0000000008004358        0x4 c:/st/stm32cubeide_1.3.0/stm32cubeide/plugins/com.st.stm32cube.ide.mcu.externaltools.gnu-tools-for-stm32.7-2018-q2-update.win32_1.0.0.201904181610/tools/bin/../lib/gcc/arm-none-eabi/7.3.1/thumb/v7-m/crti.o
                0x0000000008004358                _init
 .init          0x000000000800435c        0x8 c:/st/stm32cubeide_1.3.0/stm32cubeide/plugins/com.st.stm32cube.ide.mcu.externaltools.gnu-tools-for-stm32.7-2018-q2-update.win32_1.0.0.201904181610/tools/bin/../lib/gcc/arm-none-eabi/7.3.1/thumb/v7-m/crtn.o
 *(.fini)
 .fini          0x0000000008004364        0x4 c:/st/stm32cubeide_1.3.0/stm32cubeide/plugins/com.st.stm32cube.ide.mcu.externaltools.gnu-tools-for-stm32.7-2018-q2-update.win32_1.0.0.201904181610/tools/bin/../lib/gcc/arm-none-eabi/7.3.1/thumb/v7-m/crti.o
                0x0000000008004364                _fini
 .fini          0x0000000008004368        0x8 c:/st/stm32cubeide_1.3.0/stm32cubeide/plugins/com.st.stm32cube.ide.mcu.externaltools.gnu-tools-for-stm32.7-2018-q2-update.win32_1.0.0.201904181610/tools/bin/../lib/gcc/arm-none-eabi/7.3.1/thumb/v7-m/crtn.o
                0x0000000008004370                . = ALIGN (0x4)
                0x0000000008004370                _etext = .

.vfp11_veneer   0x0000000008004370        0x0
 .vfp11_veneer  0x0000000008004370        0x0 linker stubs

.v4_bx          0x0000000008004370        0x0
 .v4_bx         0x0000000008004370        0x0 linker stubs

.iplt           0x0000000008004370        0x0
 .iplt          0x0000000008004370        0x0 c:/st/stm32cubeide_1.3.0/stm32cubeide/plugins/com.st.stm32cube.ide.mcu.externaltools.gnu-tools-for-stm32.7-2018-q2-update.win32_1.0.0.201904181610/tools/bin/../lib/gcc/arm-none-eabi/7.3.1/thumb/v7-m/crtbegin.o

.rodata         0x0000000008004370      0x300
                0x0000000008004370                . = ALIGN (0x4)
 *(.rodata)
 .rodata        0x0000000008004370       0xcc Core/Src/run.o
 .rodata        0x000000000800443c       0x30 Core/Src/snake.o
 .rodata        0x000000000800446c       0x12 Drivers/STM32F1xx_HAL_Driver/Src/stm32f1xx_hal_rcc.o
 *(.rodata*)
 *fill*         0x000000000800447e        0x2 
 .rodata.font_ASCII
                0x0000000008004480      0x1e0 Core/Src/FONT.o
                0x0000000008004480                font_ASCII
 .rodata.AHBPrescTable
                0x0000000008004660       0x10 Core/Src/system_stm32f1xx.o
                0x0000000008004660                AHBPrescTable
                0x0000000008004670                . = ALIGN (0x4)

.rel.dyn        0x0000000008004670        0x0
 .rel.iplt      0x0000000008004670        0x0 c:/st/stm32cubeide_1.3.0/stm32cubeide/plugins/com.st.stm32cube.ide.mcu.externaltools.gnu-tools-for-stm32.7-2018-q2-update.win32_1.0.0.201904181610/tools/bin/../lib/gcc/arm-none-eabi/7.3.1/thumb/v7-m/crtbegin.o

.ARM.extab      0x0000000008004670        0x0
                0x0000000008004670                . = ALIGN (0x4)
 *(.ARM.extab* .gnu.linkonce.armextab.*)
                0x0000000008004670                . = ALIGN (0x4)

.ARM            0x0000000008004670        0x0
                0x0000000008004670                . = ALIGN (0x4)
                0x0000000008004670                __exidx_start = .
 *(.ARM.exidx*)
                0x0000000008004670                __exidx_end = .
                0x0000000008004670                . = ALIGN (0x4)

.preinit_array  0x0000000008004670        0x0
                0x0000000008004670                . = ALIGN (0x4)
                0x0000000008004670                PROVIDE (__preinit_array_start = .)
 *(.preinit_array*)
                0x0000000008004670                PROVIDE (__preinit_array_end = .)
                0x0000000008004670                . = ALIGN (0x4)

.init_array     0x0000000008004670        0x4
                0x0000000008004670                . = ALIGN (0x4)
                0x0000000008004670                PROVIDE (__init_array_start = .)
 *(SORT_BY_NAME(.init_array.*))
 *(.init_array*)
 .init_array    0x0000000008004670        0x4 c:/st/stm32cubeide_1.3.0/stm32cubeide/plugins/com.st.stm32cube.ide.mcu.externaltools.gnu-tools-for-stm32.7-2018-q2-update.win32_1.0.0.201904181610/tools/bin/../lib/gcc/arm-none-eabi/7.3.1/thumb/v7-m/crtbegin.o
                0x0000000008004674                PROVIDE (__init_array_end = .)
                0x0000000008004674                . = ALIGN (0x4)

.fini_array     0x0000000008004674        0x4
                0x0000000008004674                . = ALIGN (0x4)
                [!provide]                        PROVIDE (__fini_array_start = .)
 *(SORT_BY_NAME(.fini_array.*))
 *(.fini_array*)
 .fini_array    0x0000000008004674        0x4 c:/st/stm32cubeide_1.3.0/stm32cubeide/plugins/com.st.stm32cube.ide.mcu.externaltools.gnu-tools-for-stm32.7-2018-q2-update.win32_1.0.0.201904181610/tools/bin/../lib/gcc/arm-none-eabi/7.3.1/thumb/v7-m/crtbegin.o
                [!provide]                        PROVIDE (__fini_array_end = .)
                0x0000000008004678                . = ALIGN (0x4)
                0x0000000008004678                _sidata = LOADADDR (.data)

.data           0x0000000020000000        0xc load address 0x0000000008004678
                0x0000000020000000                . = ALIGN (0x4)
                0x0000000020000000                _sdata = .
 *(.data)
 *(.data*)
 .data.SystemCoreClock
                0x0000000020000000        0x4 Core/Src/system_stm32f1xx.o
                0x0000000020000000                SystemCoreClock
 .data.uwTickPrio
                0x0000000020000004        0x4 Drivers/STM32F1xx_HAL_Driver/Src/stm32f1xx_hal.o
                0x0000000020000004                uwTickPrio
 .data.uwTickFreq
                0x0000000020000008        0x1 Drivers/STM32F1xx_HAL_Driver/Src/stm32f1xx_hal.o
                0x0000000020000008                uwTickFreq
                0x000000002000000c                . = ALIGN (0x4)
 *fill*         0x0000000020000009        0x3 
                0x000000002000000c                _edata = .

.igot.plt       0x000000002000000c        0x0 load address 0x0000000008004684
 .igot.plt      0x000000002000000c        0x0 c:/st/stm32cubeide_1.3.0/stm32cubeide/plugins/com.st.stm32cube.ide.mcu.externaltools.gnu-tools-for-stm32.7-2018-q2-update.win32_1.0.0.201904181610/tools/bin/../lib/gcc/arm-none-eabi/7.3.1/thumb/v7-m/crtbegin.o
                0x000000002000000c                . = ALIGN (0x4)

.bss            0x000000002000000c      0xdf0 load address 0x0000000008004684
                0x000000002000000c                _sbss = .
                0x000000002000000c                __bss_start__ = _sbss
 *(.bss)
 .bss           0x000000002000000c       0x1c c:/st/stm32cubeide_1.3.0/stm32cubeide/plugins/com.st.stm32cube.ide.mcu.externaltools.gnu-tools-for-stm32.7-2018-q2-update.win32_1.0.0.201904181610/tools/bin/../lib/gcc/arm-none-eabi/7.3.1/thumb/v7-m/crtbegin.o
 *(.bss*)
 .bss.move      0x0000000020000028        0x8 Core/Src/main.o
                0x0000000020000028                move
 .bss.is_hold.6620
                0x0000000020000030        0x1 Core/Src/menu.o
 *fill*         0x0000000020000031        0x3 
 .bss.i.6619    0x0000000020000034        0x4 Core/Src/menu.o
 .bss.display   0x0000000020000038      0x1f8 Core/Src/system_lcd.o
                0x0000000020000038                display
 *(COMMON)
 COMMON         0x0000000020000230       0xa8 Core/Inc/graphic.o
                0x0000000020000230                joystick_button_toggle
                0x0000000020000234                hspi2
                0x000000002000028c                joystick_button_changed
                0x0000000020000290                hadc1
                0x00000000200002c0                joystick_button_pressed
                0x00000000200002c4                joystick
                0x00000000200002c8                system_actual
                0x00000000200002cc                joystick_changed
                0x00000000200002d0                joystick_direction
 COMMON         0x00000000200002d8      0xb20 Core/Src/main.o
                0x00000000200002d8                snake_menu
                0x0000000020000824                htim4
                0x0000000020000864                hdma_adc1
                0x00000000200008a8                main_menu
                0x0000000020000df4                actual_menu
 COMMON         0x0000000020000df8        0x4 Drivers/STM32F1xx_HAL_Driver/Src/stm32f1xx_hal.o
                0x0000000020000df8                uwTick
                0x0000000020000dfc                . = ALIGN (0x4)
                0x0000000020000dfc                _ebss = .
                0x0000000020000dfc                __bss_end__ = _ebss

._user_heap_stack
                0x0000000020000dfc      0x604 load address 0x0000000008004684
                0x0000000020000e00                . = ALIGN (0x8)
 *fill*         0x0000000020000dfc        0x4 
                0x0000000020000e00                PROVIDE (end = .)
                [!provide]                        PROVIDE (_end = .)
                0x0000000020001000                . = (. + _Min_Heap_Size)
 *fill*         0x0000000020000e00      0x200 
                0x0000000020001400                . = (. + _Min_Stack_Size)
 *fill*         0x0000000020001000      0x400 
                0x0000000020001400                . = ALIGN (0x8)

/DISCARD/
 libc.a(*)
 libm.a(*)
 libgcc.a(*)

.ARM.attributes
                0x0000000000000000       0x29
 *(.ARM.attributes)
 .ARM.attributes
                0x0000000000000000       0x1d c:/st/stm32cubeide_1.3.0/stm32cubeide/plugins/com.st.stm32cube.ide.mcu.externaltools.gnu-tools-for-stm32.7-2018-q2-update.win32_1.0.0.201904181610/tools/bin/../lib/gcc/arm-none-eabi/7.3.1/thumb/v7-m/crti.o
 .ARM.attributes
                0x000000000000001d       0x2d c:/st/stm32cubeide_1.3.0/stm32cubeide/plugins/com.st.stm32cube.ide.mcu.externaltools.gnu-tools-for-stm32.7-2018-q2-update.win32_1.0.0.201904181610/tools/bin/../lib/gcc/arm-none-eabi/7.3.1/thumb/v7-m/crtbegin.o
 .ARM.attributes
                0x000000000000004a       0x33 Core/Inc/graphic.o
 .ARM.attributes
                0x000000000000007d       0x33 Core/Src/FONT.o
 .ARM.attributes
                0x00000000000000b0       0x33 Core/Src/main.o
 .ARM.attributes
                0x00000000000000e3       0x33 Core/Src/menu.o
 .ARM.attributes
                0x0000000000000116       0x33 Core/Src/run.o
 .ARM.attributes
                0x0000000000000149       0x33 Core/Src/snake.o
 .ARM.attributes
                0x000000000000017c       0x33 Core/Src/stm32f1xx_hal_msp.o
 .ARM.attributes
                0x00000000000001af       0x33 Core/Src/stm32f1xx_it.o
 .ARM.attributes
                0x00000000000001e2       0x33 Core/Src/system_joy.o
 .ARM.attributes
                0x0000000000000215       0x33 Core/Src/system_lcd.o
 .ARM.attributes
                0x0000000000000248       0x33 Core/Src/system_stm32f1xx.o
 .ARM.attributes
                0x000000000000027b       0x21 Core/Startup/startup_stm32f103rbtx.o
 .ARM.attributes
                0x000000000000029c       0x33 Drivers/STM32F1xx_HAL_Driver/Src/stm32f1xx_hal.o
 .ARM.attributes
                0x00000000000002cf       0x33 Drivers/STM32F1xx_HAL_Driver/Src/stm32f1xx_hal_adc.o
 .ARM.attributes
                0x0000000000000302       0x33 Drivers/STM32F1xx_HAL_Driver/Src/stm32f1xx_hal_cortex.o
 .ARM.attributes
                0x0000000000000335       0x33 Drivers/STM32F1xx_HAL_Driver/Src/stm32f1xx_hal_dma.o
 .ARM.attributes
                0x0000000000000368       0x33 Drivers/STM32F1xx_HAL_Driver/Src/stm32f1xx_hal_gpio.o
 .ARM.attributes
                0x000000000000039b       0x33 Drivers/STM32F1xx_HAL_Driver/Src/stm32f1xx_hal_rcc.o
 .ARM.attributes
                0x00000000000003ce       0x33 Drivers/STM32F1xx_HAL_Driver/Src/stm32f1xx_hal_rcc_ex.o
 .ARM.attributes
                0x0000000000000401       0x33 Drivers/STM32F1xx_HAL_Driver/Src/stm32f1xx_hal_spi.o
 .ARM.attributes
                0x0000000000000434       0x33 Drivers/STM32F1xx_HAL_Driver/Src/stm32f1xx_hal_tim.o
 .ARM.attributes
                0x0000000000000467       0x33 Drivers/STM32F1xx_HAL_Driver/Src/stm32f1xx_hal_tim_ex.o
 .ARM.attributes
                0x000000000000049a       0x2d c:/st/stm32cubeide_1.3.0/stm32cubeide/plugins/com.st.stm32cube.ide.mcu.externaltools.gnu-tools-for-stm32.7-2018-q2-update.win32_1.0.0.201904181610/tools/bin/../lib/gcc/arm-none-eabi/7.3.1/../../../../arm-none-eabi/lib/thumb/v7-m\libc_nano.a(lib_a-init.o)
 .ARM.attributes
                0x00000000000004c7       0x2d c:/st/stm32cubeide_1.3.0/stm32cubeide/plugins/com.st.stm32cube.ide.mcu.externaltools.gnu-tools-for-stm32.7-2018-q2-update.win32_1.0.0.201904181610/tools/bin/../lib/gcc/arm-none-eabi/7.3.1/../../../../arm-none-eabi/lib/thumb/v7-m\libc_nano.a(lib_a-memset.o)
 .ARM.attributes
                0x00000000000004f4       0x2d c:/st/stm32cubeide_1.3.0/stm32cubeide/plugins/com.st.stm32cube.ide.mcu.externaltools.gnu-tools-for-stm32.7-2018-q2-update.win32_1.0.0.201904181610/tools/bin/../lib/gcc/arm-none-eabi/7.3.1/../../../../arm-none-eabi/lib/thumb/v7-m\libc_nano.a(lib_a-strcpy.o)
 .ARM.attributes
                0x0000000000000521       0x1d c:/st/stm32cubeide_1.3.0/stm32cubeide/plugins/com.st.stm32cube.ide.mcu.externaltools.gnu-tools-for-stm32.7-2018-q2-update.win32_1.0.0.201904181610/tools/bin/../lib/gcc/arm-none-eabi/7.3.1/thumb/v7-m\libgcc.a(_arm_addsubdf3.o)
 .ARM.attributes
                0x000000000000053e       0x1d c:/st/stm32cubeide_1.3.0/stm32cubeide/plugins/com.st.stm32cube.ide.mcu.externaltools.gnu-tools-for-stm32.7-2018-q2-update.win32_1.0.0.201904181610/tools/bin/../lib/gcc/arm-none-eabi/7.3.1/thumb/v7-m\libgcc.a(_arm_muldivdf3.o)
 .ARM.attributes
                0x000000000000055b       0x1d c:/st/stm32cubeide_1.3.0/stm32cubeide/plugins/com.st.stm32cube.ide.mcu.externaltools.gnu-tools-for-stm32.7-2018-q2-update.win32_1.0.0.201904181610/tools/bin/../lib/gcc/arm-none-eabi/7.3.1/thumb/v7-m\libgcc.a(_arm_fixdfsi.o)
 .ARM.attributes
                0x0000000000000578       0x1d c:/st/stm32cubeide_1.3.0/stm32cubeide/plugins/com.st.stm32cube.ide.mcu.externaltools.gnu-tools-for-stm32.7-2018-q2-update.win32_1.0.0.201904181610/tools/bin/../lib/gcc/arm-none-eabi/7.3.1/thumb/v7-m\libgcc.a(_arm_fixunsdfsi.o)
 .ARM.attributes
                0x0000000000000595       0x1d c:/st/stm32cubeide_1.3.0/stm32cubeide/plugins/com.st.stm32cube.ide.mcu.externaltools.gnu-tools-for-stm32.7-2018-q2-update.win32_1.0.0.201904181610/tools/bin/../lib/gcc/arm-none-eabi/7.3.1/thumb/v7-m/crtn.o
OUTPUT(STM_GameBoy.elf elf32-littlearm)

.debug_info     0x0000000000000000    0x11c88
 .debug_info    0x0000000000000000     0x13a6 Core/Inc/graphic.o
 .debug_info    0x00000000000013a6       0xaa Core/Src/FONT.o
 .debug_info    0x0000000000001450     0x1b68 Core/Src/main.o
 .debug_info    0x0000000000002fb8     0x13c9 Core/Src/menu.o
 .debug_info    0x0000000000004381     0x135d Core/Src/run.o
 .debug_info    0x00000000000056de     0x1283 Core/Src/snake.o
 .debug_info    0x0000000000006961      0xf5d Core/Src/stm32f1xx_hal_msp.o
 .debug_info    0x00000000000078be      0x6db Core/Src/stm32f1xx_it.o
 .debug_info    0x0000000000007f99      0x961 Core/Src/system_joy.o
 .debug_info    0x00000000000088fa      0xb9c Core/Src/system_lcd.o
 .debug_info    0x0000000000009496      0x433 Core/Src/system_stm32f1xx.o
 .debug_info    0x00000000000098c9       0x22 Core/Startup/startup_stm32f103rbtx.o
 .debug_info    0x00000000000098eb      0x6fe Drivers/STM32F1xx_HAL_Driver/Src/stm32f1xx_hal.o
 .debug_info    0x0000000000009fe9      0xc61 Drivers/STM32F1xx_HAL_Driver/Src/stm32f1xx_hal_adc.o
 .debug_info    0x000000000000ac4a      0xb46 Drivers/STM32F1xx_HAL_Driver/Src/stm32f1xx_hal_cortex.o
 .debug_info    0x000000000000b790      0x7a6 Drivers/STM32F1xx_HAL_Driver/Src/stm32f1xx_hal_dma.o
 .debug_info    0x000000000000bf36      0x681 Drivers/STM32F1xx_HAL_Driver/Src/stm32f1xx_hal_gpio.o
 .debug_info    0x000000000000c5b7      0x804 Drivers/STM32F1xx_HAL_Driver/Src/stm32f1xx_hal_rcc.o
 .debug_info    0x000000000000cdbb      0x439 Drivers/STM32F1xx_HAL_Driver/Src/stm32f1xx_hal_rcc_ex.o
 .debug_info    0x000000000000d1f4     0x153a Drivers/STM32F1xx_HAL_Driver/Src/stm32f1xx_hal_spi.o
 .debug_info    0x000000000000e72e     0x2456 Drivers/STM32F1xx_HAL_Driver/Src/stm32f1xx_hal_tim.o
 .debug_info    0x0000000000010b84     0x1104 Drivers/STM32F1xx_HAL_Driver/Src/stm32f1xx_hal_tim_ex.o

.debug_abbrev   0x0000000000000000     0x292f
 .debug_abbrev  0x0000000000000000      0x256 Core/Inc/graphic.o
 .debug_abbrev  0x0000000000000256       0x65 Core/Src/FONT.o
 .debug_abbrev  0x00000000000002bb      0x2d1 Core/Src/main.o
 .debug_abbrev  0x000000000000058c      0x285 Core/Src/menu.o
 .debug_abbrev  0x0000000000000811      0x224 Core/Src/run.o
 .debug_abbrev  0x0000000000000a35      0x235 Core/Src/snake.o
 .debug_abbrev  0x0000000000000c6a      0x1cf Core/Src/stm32f1xx_hal_msp.o
 .debug_abbrev  0x0000000000000e39      0x15a Core/Src/stm32f1xx_it.o
 .debug_abbrev  0x0000000000000f93      0x1b6 Core/Src/system_joy.o
 .debug_abbrev  0x0000000000001149      0x21a Core/Src/system_lcd.o
 .debug_abbrev  0x0000000000001363      0x134 Core/Src/system_stm32f1xx.o
 .debug_abbrev  0x0000000000001497       0x12 Core/Startup/startup_stm32f103rbtx.o
 .debug_abbrev  0x00000000000014a9      0x1d8 Drivers/STM32F1xx_HAL_Driver/Src/stm32f1xx_hal.o
 .debug_abbrev  0x0000000000001681      0x1d5 Drivers/STM32F1xx_HAL_Driver/Src/stm32f1xx_hal_adc.o
 .debug_abbrev  0x0000000000001856      0x2d5 Drivers/STM32F1xx_HAL_Driver/Src/stm32f1xx_hal_cortex.o
 .debug_abbrev  0x0000000000001b2b      0x1fe Drivers/STM32F1xx_HAL_Driver/Src/stm32f1xx_hal_dma.o
 .debug_abbrev  0x0000000000001d29      0x1c0 Drivers/STM32F1xx_HAL_Driver/Src/stm32f1xx_hal_gpio.o
 .debug_abbrev  0x0000000000001ee9      0x243 Drivers/STM32F1xx_HAL_Driver/Src/stm32f1xx_hal_rcc.o
 .debug_abbrev  0x000000000000212c      0x175 Drivers/STM32F1xx_HAL_Driver/Src/stm32f1xx_hal_rcc_ex.o
 .debug_abbrev  0x00000000000022a1      0x240 Drivers/STM32F1xx_HAL_Driver/Src/stm32f1xx_hal_spi.o
 .debug_abbrev  0x00000000000024e1      0x230 Drivers/STM32F1xx_HAL_Driver/Src/stm32f1xx_hal_tim.o
 .debug_abbrev  0x0000000000002711      0x21e Drivers/STM32F1xx_HAL_Driver/Src/stm32f1xx_hal_tim_ex.o

.debug_aranges  0x0000000000000000      0xe50
 .debug_aranges
                0x0000000000000000       0x58 Core/Inc/graphic.o
 .debug_aranges
                0x0000000000000058       0x18 Core/Src/FONT.o
 .debug_aranges
                0x0000000000000070       0x60 Core/Src/main.o
 .debug_aranges
                0x00000000000000d0       0x40 Core/Src/menu.o
 .debug_aranges
                0x0000000000000110       0x38 Core/Src/run.o
 .debug_aranges
                0x0000000000000148       0x30 Core/Src/snake.o
 .debug_aranges
                0x0000000000000178       0x50 Core/Src/stm32f1xx_hal_msp.o
 .debug_aranges
                0x00000000000001c8       0x78 Core/Src/stm32f1xx_it.o
 .debug_aranges
                0x0000000000000240       0x30 Core/Src/system_joy.o
 .debug_aranges
                0x0000000000000270       0x60 Core/Src/system_lcd.o
 .debug_aranges
                0x00000000000002d0       0x28 Core/Src/system_stm32f1xx.o
 .debug_aranges
                0x00000000000002f8       0x28 Core/Startup/startup_stm32f103rbtx.o
 .debug_aranges
                0x0000000000000320       0xe0 Drivers/STM32F1xx_HAL_Driver/Src/stm32f1xx_hal.o
 .debug_aranges
                0x0000000000000400       0xf0 Drivers/STM32F1xx_HAL_Driver/Src/stm32f1xx_hal_adc.o
 .debug_aranges
                0x00000000000004f0      0x100 Drivers/STM32F1xx_HAL_Driver/Src/stm32f1xx_hal_cortex.o
 .debug_aranges
                0x00000000000005f0       0x80 Drivers/STM32F1xx_HAL_Driver/Src/stm32f1xx_hal_dma.o
 .debug_aranges
                0x0000000000000670       0x58 Drivers/STM32F1xx_HAL_Driver/Src/stm32f1xx_hal_gpio.o
 .debug_aranges
                0x00000000000006c8       0x90 Drivers/STM32F1xx_HAL_Driver/Src/stm32f1xx_hal_rcc.o
 .debug_aranges
                0x0000000000000758       0x30 Drivers/STM32F1xx_HAL_Driver/Src/stm32f1xx_hal_rcc_ex.o
 .debug_aranges
                0x0000000000000788      0x1d0 Drivers/STM32F1xx_HAL_Driver/Src/stm32f1xx_hal_spi.o
 .debug_aranges
                0x0000000000000958      0x3a8 Drivers/STM32F1xx_HAL_Driver/Src/stm32f1xx_hal_tim.o
 .debug_aranges
                0x0000000000000d00      0x150 Drivers/STM32F1xx_HAL_Driver/Src/stm32f1xx_hal_tim_ex.o

.debug_ranges   0x0000000000000000      0xcf0
 .debug_ranges  0x0000000000000000       0x48 Core/Inc/graphic.o
 .debug_ranges  0x0000000000000048       0x50 Core/Src/main.o
 .debug_ranges  0x0000000000000098       0x30 Core/Src/menu.o
 .debug_ranges  0x00000000000000c8       0x28 Core/Src/run.o
 .debug_ranges  0x00000000000000f0       0x20 Core/Src/snake.o
 .debug_ranges  0x0000000000000110       0x40 Core/Src/stm32f1xx_hal_msp.o
 .debug_ranges  0x0000000000000150       0x68 Core/Src/stm32f1xx_it.o
 .debug_ranges  0x00000000000001b8       0x20 Core/Src/system_joy.o
 .debug_ranges  0x00000000000001d8       0x50 Core/Src/system_lcd.o
 .debug_ranges  0x0000000000000228       0x18 Core/Src/system_stm32f1xx.o
 .debug_ranges  0x0000000000000240       0x20 Core/Startup/startup_stm32f103rbtx.o
 .debug_ranges  0x0000000000000260       0xd0 Drivers/STM32F1xx_HAL_Driver/Src/stm32f1xx_hal.o
 .debug_ranges  0x0000000000000330       0xe0 Drivers/STM32F1xx_HAL_Driver/Src/stm32f1xx_hal_adc.o
 .debug_ranges  0x0000000000000410       0xf0 Drivers/STM32F1xx_HAL_Driver/Src/stm32f1xx_hal_cortex.o
 .debug_ranges  0x0000000000000500       0x70 Drivers/STM32F1xx_HAL_Driver/Src/stm32f1xx_hal_dma.o
 .debug_ranges  0x0000000000000570       0x48 Drivers/STM32F1xx_HAL_Driver/Src/stm32f1xx_hal_gpio.o
 .debug_ranges  0x00000000000005b8       0x80 Drivers/STM32F1xx_HAL_Driver/Src/stm32f1xx_hal_rcc.o
 .debug_ranges  0x0000000000000638       0x20 Drivers/STM32F1xx_HAL_Driver/Src/stm32f1xx_hal_rcc_ex.o
 .debug_ranges  0x0000000000000658      0x1c0 Drivers/STM32F1xx_HAL_Driver/Src/stm32f1xx_hal_spi.o
 .debug_ranges  0x0000000000000818      0x398 Drivers/STM32F1xx_HAL_Driver/Src/stm32f1xx_hal_tim.o
 .debug_ranges  0x0000000000000bb0      0x140 Drivers/STM32F1xx_HAL_Driver/Src/stm32f1xx_hal_tim_ex.o

.debug_macro    0x0000000000000000    0x1592a
 .debug_macro   0x0000000000000000      0x278 Core/Inc/graphic.o
 .debug_macro   0x0000000000000278      0xa5a Core/Inc/graphic.o
 .debug_macro   0x0000000000000cd2       0x16 Core/Inc/graphic.o
 .debug_macro   0x0000000000000ce8      0x227 Core/Inc/graphic.o
 .debug_macro   0x0000000000000f0f       0x2e Core/Inc/graphic.o
 .debug_macro   0x0000000000000f3d       0x22 Core/Inc/graphic.o
 .debug_macro   0x0000000000000f5f       0x22 Core/Inc/graphic.o
 .debug_macro   0x0000000000000f81       0x8e Core/Inc/graphic.o
 .debug_macro   0x000000000000100f       0x51 Core/Inc/graphic.o
 .debug_macro   0x0000000000001060       0xef Core/Inc/graphic.o
 .debug_macro   0x000000000000114f       0x6a Core/Inc/graphic.o
 .debug_macro   0x00000000000011b9      0x1df Core/Inc/graphic.o
 .debug_macro   0x0000000000001398       0x1c Core/Inc/graphic.o
 .debug_macro   0x00000000000013b4       0x22 Core/Inc/graphic.o
 .debug_macro   0x00000000000013d6       0xc3 Core/Inc/graphic.o
 .debug_macro   0x0000000000001499      0xd23 Core/Inc/graphic.o
 .debug_macro   0x00000000000021bc     0xe09e Core/Inc/graphic.o
 .debug_macro   0x000000000001025a       0x43 Core/Inc/graphic.o
 .debug_macro   0x000000000001029d      0x174 Core/Inc/graphic.o
 .debug_macro   0x0000000000010411       0x5a Core/Inc/graphic.o
 .debug_macro   0x000000000001046b      0x5be Core/Inc/graphic.o
 .debug_macro   0x0000000000010a29      0x289 Core/Inc/graphic.o
 .debug_macro   0x0000000000010cb2      0x1cb Core/Inc/graphic.o
 .debug_macro   0x0000000000010e7d      0x114 Core/Inc/graphic.o
 .debug_macro   0x0000000000010f91      0x1b2 Core/Inc/graphic.o
 .debug_macro   0x0000000000011143       0x27 Core/Inc/graphic.o
 .debug_macro   0x000000000001116a      0x136 Core/Inc/graphic.o
 .debug_macro   0x00000000000112a0      0x1bc Core/Inc/graphic.o
 .debug_macro   0x000000000001145c       0x34 Core/Inc/graphic.o
 .debug_macro   0x0000000000011490       0x3c Core/Inc/graphic.o
 .debug_macro   0x00000000000114cc       0x57 Core/Inc/graphic.o
 .debug_macro   0x0000000000011523      0x46a Core/Inc/graphic.o
 .debug_macro   0x000000000001198d      0x1b5 Core/Inc/graphic.o
 .debug_macro   0x0000000000011b42       0x88 Core/Inc/graphic.o
 .debug_macro   0x0000000000011bca      0x241 Core/Inc/graphic.o
 .debug_macro   0x0000000000011e0b      0x141 Core/Inc/graphic.o
 .debug_macro   0x0000000000011f4c      0x217 Core/Inc/graphic.o
 .debug_macro   0x0000000000012163      0x88b Core/Inc/graphic.o
 .debug_macro   0x00000000000129ee       0x83 Core/Inc/graphic.o
 .debug_macro   0x0000000000012a71       0x70 Core/Inc/graphic.o
 .debug_macro   0x0000000000012ae1       0x46 Core/Inc/graphic.o
 .debug_macro   0x0000000000012b27       0x18 Core/Inc/graphic.o
 .debug_macro   0x0000000000012b3f       0x3c Core/Inc/graphic.o
 .debug_macro   0x0000000000012b7b       0x34 Core/Inc/graphic.o
 .debug_macro   0x0000000000012baf       0x52 Core/Inc/graphic.o
 .debug_macro   0x0000000000012c01       0x1f Core/Inc/graphic.o
 .debug_macro   0x0000000000012c20       0x43 Core/Inc/graphic.o
 .debug_macro   0x0000000000012c63       0x20 Core/Inc/graphic.o
 .debug_macro   0x0000000000012c83      0x1a3 Core/Inc/graphic.o
 .debug_macro   0x0000000000012e26      0x32a Core/Inc/graphic.o
 .debug_macro   0x0000000000013150      0x1e1 Core/Inc/graphic.o
 .debug_macro   0x0000000000013331       0x6d Core/Src/FONT.o
 .debug_macro   0x000000000001339e      0x2bd Core/Src/main.o
 .debug_macro   0x000000000001365b       0x10 Core/Src/main.o
 .debug_macro   0x000000000001366b       0x35 Core/Src/main.o
 .debug_macro   0x00000000000136a0       0x20 Core/Src/main.o
 .debug_macro   0x00000000000136c0      0x29b Core/Src/menu.o
 .debug_macro   0x000000000001395b      0x2b9 Core/Src/run.o
 .debug_macro   0x0000000000013c14      0x2ab Core/Src/snake.o
 .debug_macro   0x0000000000013ebf      0x1bd Core/Src/stm32f1xx_hal_msp.o
 .debug_macro   0x000000000001407c      0x1c7 Core/Src/stm32f1xx_it.o
 .debug_macro   0x0000000000014243      0x1d0 Core/Src/system_joy.o
 .debug_macro   0x0000000000014413      0x1d0 Core/Src/system_lcd.o
 .debug_macro   0x00000000000145e3      0x1b4 Core/Src/system_stm32f1xx.o
 .debug_macro   0x0000000000014797      0x1d2 Drivers/STM32F1xx_HAL_Driver/Src/stm32f1xx_hal.o
 .debug_macro   0x0000000000014969      0x1cb Drivers/STM32F1xx_HAL_Driver/Src/stm32f1xx_hal_adc.o
 .debug_macro   0x0000000000014b34      0x1ae Drivers/STM32F1xx_HAL_Driver/Src/stm32f1xx_hal_cortex.o
 .debug_macro   0x0000000000014ce2      0x1ae Drivers/STM32F1xx_HAL_Driver/Src/stm32f1xx_hal_dma.o
 .debug_macro   0x0000000000014e90      0x219 Drivers/STM32F1xx_HAL_Driver/Src/stm32f1xx_hal_gpio.o
 .debug_macro   0x00000000000150a9      0x1c0 Drivers/STM32F1xx_HAL_Driver/Src/stm32f1xx_hal_rcc.o
 .debug_macro   0x0000000000015269      0x1ae Drivers/STM32F1xx_HAL_Driver/Src/stm32f1xx_hal_rcc_ex.o
 .debug_macro   0x0000000000015417      0x1b6 Drivers/STM32F1xx_HAL_Driver/Src/stm32f1xx_hal_spi.o
 .debug_macro   0x00000000000155cd      0x1af Drivers/STM32F1xx_HAL_Driver/Src/stm32f1xx_hal_tim.o
 .debug_macro   0x000000000001577c      0x1ae Drivers/STM32F1xx_HAL_Driver/Src/stm32f1xx_hal_tim_ex.o

.debug_line     0x0000000000000000     0xc4c3
 .debug_line    0x0000000000000000      0x88c Core/Inc/graphic.o
 .debug_line    0x000000000000088c      0x388 Core/Src/FONT.o
 .debug_line    0x0000000000000c14      0x8ec Core/Src/main.o
 .debug_line    0x0000000000001500      0x8d8 Core/Src/menu.o
 .debug_line    0x0000000000001dd8      0x830 Core/Src/run.o
 .debug_line    0x0000000000002608      0x7fc Core/Src/snake.o
 .debug_line    0x0000000000002e04      0x6f5 Core/Src/stm32f1xx_hal_msp.o
 .debug_line    0x00000000000034f9      0x740 Core/Src/stm32f1xx_it.o
 .debug_line    0x0000000000003c39      0x6c0 Core/Src/system_joy.o
 .debug_line    0x00000000000042f9      0x75e Core/Src/system_lcd.o
 .debug_line    0x0000000000004a57      0x697 Core/Src/system_stm32f1xx.o
 .debug_line    0x00000000000050ee       0x84 Core/Startup/startup_stm32f103rbtx.o
 .debug_line    0x0000000000005172      0x83f Drivers/STM32F1xx_HAL_Driver/Src/stm32f1xx_hal.o
 .debug_line    0x00000000000059b1      0xb91 Drivers/STM32F1xx_HAL_Driver/Src/stm32f1xx_hal_adc.o
 .debug_line    0x0000000000006542      0x918 Drivers/STM32F1xx_HAL_Driver/Src/stm32f1xx_hal_cortex.o
 .debug_line    0x0000000000006e5a      0xaa6 Drivers/STM32F1xx_HAL_Driver/Src/stm32f1xx_hal_dma.o
 .debug_line    0x0000000000007900      0x83f Drivers/STM32F1xx_HAL_Driver/Src/stm32f1xx_hal_gpio.o
 .debug_line    0x000000000000813f      0x901 Drivers/STM32F1xx_HAL_Driver/Src/stm32f1xx_hal_rcc.o
 .debug_line    0x0000000000008a40      0x71f Drivers/STM32F1xx_HAL_Driver/Src/stm32f1xx_hal_rcc_ex.o
 .debug_line    0x000000000000915f     0x100d Drivers/STM32F1xx_HAL_Driver/Src/stm32f1xx_hal_spi.o
 .debug_line    0x000000000000a16c     0x1705 Drivers/STM32F1xx_HAL_Driver/Src/stm32f1xx_hal_tim.o
 .debug_line    0x000000000000b871      0xc52 Drivers/STM32F1xx_HAL_Driver/Src/stm32f1xx_hal_tim_ex.o

.debug_str      0x0000000000000000    0x75f16
 .debug_str     0x0000000000000000    0x7275f Core/Inc/graphic.o
                                      0x72b5f (size before relaxing)
 .debug_str     0x000000000007275f       0x13 Core/Src/FONT.o
                                       0x3bf6 (size before relaxing)
 .debug_str     0x0000000000072772      0x911 Core/Src/main.o
                                      0x72bbe (size before relaxing)
 .debug_str     0x0000000000073083       0x64 Core/Src/menu.o
                                      0x7234c (size before relaxing)
 .debug_str     0x00000000000730e7       0x4e Core/Src/run.o
                                      0x7238a (size before relaxing)
 .debug_str     0x0000000000073135       0x3c Core/Src/snake.o
                                      0x72352 (size before relaxing)
 .debug_str     0x0000000000073171       0xde Core/Src/stm32f1xx_hal_msp.o
                                      0x6f876 (size before relaxing)
 .debug_str     0x000000000007324f       0xfb Core/Src/stm32f1xx_it.o
                                      0x6f212 (size before relaxing)
 .debug_str     0x000000000007334a       0x40 Core/Src/system_joy.o
                                      0x6f352 (size before relaxing)
 .debug_str     0x000000000007338a       0x8d Core/Src/system_lcd.o
                                      0x6f3f6 (size before relaxing)
 .debug_str     0x0000000000073417       0xc2 Core/Src/system_stm32f1xx.o
                                      0x6ec87 (size before relaxing)
 .debug_str     0x00000000000734d9       0x36 Core/Startup/startup_stm32f103rbtx.o
                                         0x74 (size before relaxing)
 .debug_str     0x000000000007350f      0x3c5 Drivers/STM32F1xx_HAL_Driver/Src/stm32f1xx_hal.o
                                      0x6f298 (size before relaxing)
 .debug_str     0x00000000000738d4      0x357 Drivers/STM32F1xx_HAL_Driver/Src/stm32f1xx_hal_adc.o
                                      0x6f29d (size before relaxing)
 .debug_str     0x0000000000073c2b      0x2c8 Drivers/STM32F1xx_HAL_Driver/Src/stm32f1xx_hal_cortex.o
                                      0x6f2a6 (size before relaxing)
 .debug_str     0x0000000000073ef3      0x23f Drivers/STM32F1xx_HAL_Driver/Src/stm32f1xx_hal_dma.o
                                      0x6efe8 (size before relaxing)
 .debug_str     0x0000000000074132      0x31f Drivers/STM32F1xx_HAL_Driver/Src/stm32f1xx_hal_gpio.o
                                      0x6efd1 (size before relaxing)
 .debug_str     0x0000000000074451      0x263 Drivers/STM32F1xx_HAL_Driver/Src/stm32f1xx_hal_rcc.o
                                      0x6f00a (size before relaxing)
 .debug_str     0x00000000000746b4       0xb9 Drivers/STM32F1xx_HAL_Driver/Src/stm32f1xx_hal_rcc_ex.o
                                      0x6ed97 (size before relaxing)
 .debug_str     0x000000000007476d      0x529 Drivers/STM32F1xx_HAL_Driver/Src/stm32f1xx_hal_spi.o
                                      0x6f4f8 (size before relaxing)
 .debug_str     0x0000000000074c96      0xd51 Drivers/STM32F1xx_HAL_Driver/Src/stm32f1xx_hal_tim.o
                                      0x6fdd5 (size before relaxing)
 .debug_str     0x00000000000759e7      0x52f Drivers/STM32F1xx_HAL_Driver/Src/stm32f1xx_hal_tim_ex.o
                                      0x6f5d5 (size before relaxing)

.comment        0x0000000000000000       0x7b
 .comment       0x0000000000000000       0x7b Core/Inc/graphic.o
                                         0x7c (size before relaxing)
 .comment       0x000000000000007b       0x7c Core/Src/FONT.o
 .comment       0x000000000000007b       0x7c Core/Src/main.o
 .comment       0x000000000000007b       0x7c Core/Src/menu.o
 .comment       0x000000000000007b       0x7c Core/Src/run.o
 .comment       0x000000000000007b       0x7c Core/Src/snake.o
 .comment       0x000000000000007b       0x7c Core/Src/stm32f1xx_hal_msp.o
 .comment       0x000000000000007b       0x7c Core/Src/stm32f1xx_it.o
 .comment       0x000000000000007b       0x7c Core/Src/system_joy.o
 .comment       0x000000000000007b       0x7c Core/Src/system_lcd.o
 .comment       0x000000000000007b       0x7c Core/Src/system_stm32f1xx.o
 .comment       0x000000000000007b       0x7c Drivers/STM32F1xx_HAL_Driver/Src/stm32f1xx_hal.o
 .comment       0x000000000000007b       0x7c Drivers/STM32F1xx_HAL_Driver/Src/stm32f1xx_hal_adc.o
 .comment       0x000000000000007b       0x7c Drivers/STM32F1xx_HAL_Driver/Src/stm32f1xx_hal_cortex.o
 .comment       0x000000000000007b       0x7c Drivers/STM32F1xx_HAL_Driver/Src/stm32f1xx_hal_dma.o
 .comment       0x000000000000007b       0x7c Drivers/STM32F1xx_HAL_Driver/Src/stm32f1xx_hal_gpio.o
 .comment       0x000000000000007b       0x7c Drivers/STM32F1xx_HAL_Driver/Src/stm32f1xx_hal_rcc.o
 .comment       0x000000000000007b       0x7c Drivers/STM32F1xx_HAL_Driver/Src/stm32f1xx_hal_rcc_ex.o
 .comment       0x000000000000007b       0x7c Drivers/STM32F1xx_HAL_Driver/Src/stm32f1xx_hal_spi.o
 .comment       0x000000000000007b       0x7c Drivers/STM32F1xx_HAL_Driver/Src/stm32f1xx_hal_tim.o
 .comment       0x000000000000007b       0x7c Drivers/STM32F1xx_HAL_Driver/Src/stm32f1xx_hal_tim_ex.o

.debug_frame    0x0000000000000000     0x3af0
 .debug_frame   0x0000000000000000      0x15c Core/Inc/graphic.o
 .debug_frame   0x000000000000015c      0x140 Core/Src/main.o
 .debug_frame   0x000000000000029c       0xc0 Core/Src/menu.o
 .debug_frame   0x000000000000035c       0xa0 Core/Src/run.o
 .debug_frame   0x00000000000003fc       0x74 Core/Src/snake.o
 .debug_frame   0x0000000000000470      0x110 Core/Src/stm32f1xx_hal_msp.o
 .debug_frame   0x0000000000000580      0x160 Core/Src/stm32f1xx_it.o
 .debug_frame   0x00000000000006e0       0x88 Core/Src/system_joy.o
 .debug_frame   0x0000000000000768      0x158 Core/Src/system_lcd.o
 .debug_frame   0x00000000000008c0       0x58 Core/Src/system_stm32f1xx.o
 .debug_frame   0x0000000000000918      0x334 Drivers/STM32F1xx_HAL_Driver/Src/stm32f1xx_hal.o
 .debug_frame   0x0000000000000c4c      0x40c Drivers/STM32F1xx_HAL_Driver/Src/stm32f1xx_hal_adc.o
 .debug_frame   0x0000000000001058      0x428 Drivers/STM32F1xx_HAL_Driver/Src/stm32f1xx_hal_cortex.o
 .debug_frame   0x0000000000001480      0x208 Drivers/STM32F1xx_HAL_Driver/Src/stm32f1xx_hal_dma.o
 .debug_frame   0x0000000000001688      0x14c Drivers/STM32F1xx_HAL_Driver/Src/stm32f1xx_hal_gpio.o
 .debug_frame   0x00000000000017d4      0x21c Drivers/STM32F1xx_HAL_Driver/Src/stm32f1xx_hal_rcc.o
 .debug_frame   0x00000000000019f0       0x84 Drivers/STM32F1xx_HAL_Driver/Src/stm32f1xx_hal_rcc_ex.o
 .debug_frame   0x0000000000001a74      0x824 Drivers/STM32F1xx_HAL_Driver/Src/stm32f1xx_hal_spi.o
 .debug_frame   0x0000000000002298     0x10e8 Drivers/STM32F1xx_HAL_Driver/Src/stm32f1xx_hal_tim.o
 .debug_frame   0x0000000000003380      0x5c0 Drivers/STM32F1xx_HAL_Driver/Src/stm32f1xx_hal_tim_ex.o
 .debug_frame   0x0000000000003940       0x2c c:/st/stm32cubeide_1.3.0/stm32cubeide/plugins/com.st.stm32cube.ide.mcu.externaltools.gnu-tools-for-stm32.7-2018-q2-update.win32_1.0.0.201904181610/tools/bin/../lib/gcc/arm-none-eabi/7.3.1/../../../../arm-none-eabi/lib/thumb/v7-m\libc_nano.a(lib_a-init.o)
 .debug_frame   0x000000000000396c       0x20 c:/st/stm32cubeide_1.3.0/stm32cubeide/plugins/com.st.stm32cube.ide.mcu.externaltools.gnu-tools-for-stm32.7-2018-q2-update.win32_1.0.0.201904181610/tools/bin/../lib/gcc/arm-none-eabi/7.3.1/../../../../arm-none-eabi/lib/thumb/v7-m\libc_nano.a(lib_a-memset.o)
 .debug_frame   0x000000000000398c       0x20 c:/st/stm32cubeide_1.3.0/stm32cubeide/plugins/com.st.stm32cube.ide.mcu.externaltools.gnu-tools-for-stm32.7-2018-q2-update.win32_1.0.0.201904181610/tools/bin/../lib/gcc/arm-none-eabi/7.3.1/../../../../arm-none-eabi/lib/thumb/v7-m\libc_nano.a(lib_a-strcpy.o)
 .debug_frame   0x00000000000039ac       0xac c:/st/stm32cubeide_1.3.0/stm32cubeide/plugins/com.st.stm32cube.ide.mcu.externaltools.gnu-tools-for-stm32.7-2018-q2-update.win32_1.0.0.201904181610/tools/bin/../lib/gcc/arm-none-eabi/7.3.1/thumb/v7-m\libgcc.a(_arm_addsubdf3.o)
 .debug_frame   0x0000000000003a58       0x50 c:/st/stm32cubeide_1.3.0/stm32cubeide/plugins/com.st.stm32cube.ide.mcu.externaltools.gnu-tools-for-stm32.7-2018-q2-update.win32_1.0.0.201904181610/tools/bin/../lib/gcc/arm-none-eabi/7.3.1/thumb/v7-m\libgcc.a(_arm_muldivdf3.o)
 .debug_frame   0x0000000000003aa8       0x24 c:/st/stm32cubeide_1.3.0/stm32cubeide/plugins/com.st.stm32cube.ide.mcu.externaltools.gnu-tools-for-stm32.7-2018-q2-update.win32_1.0.0.201904181610/tools/bin/../lib/gcc/arm-none-eabi/7.3.1/thumb/v7-m\libgcc.a(_arm_fixdfsi.o)
 .debug_frame   0x0000000000003acc       0x24 c:/st/stm32cubeide_1.3.0/stm32cubeide/plugins/com.st.stm32cube.ide.mcu.externaltools.gnu-tools-for-stm32.7-2018-q2-update.win32_1.0.0.201904181610/tools/bin/../lib/gcc/arm-none-eabi/7.3.1/thumb/v7-m\libgcc.a(_arm_fixunsdfsi.o)
