Archive member included to satisfy reference by file (symbol)

c:/st/stm32cubeide_1.3.0/stm32cubeide/plugins/com.st.stm32cube.ide.mcu.externaltools.gnu-tools-for-stm32.7-2018-q2-update.win32_1.0.0.201904181610/tools/bin/../lib/gcc/arm-none-eabi/7.3.1/../../../../arm-none-eabi/lib/thumb/v7-m\libc_nano.a(lib_a-errno.o)
                              Core/Src/syscalls.o (__errno)
c:/st/stm32cubeide_1.3.0/stm32cubeide/plugins/com.st.stm32cube.ide.mcu.externaltools.gnu-tools-for-stm32.7-2018-q2-update.win32_1.0.0.201904181610/tools/bin/../lib/gcc/arm-none-eabi/7.3.1/../../../../arm-none-eabi/lib/thumb/v7-m\libc_nano.a(lib_a-exit.o)
                              c:/st/stm32cubeide_1.3.0/stm32cubeide/plugins/com.st.stm32cube.ide.mcu.externaltools.gnu-tools-for-stm32.7-2018-q2-update.win32_1.0.0.201904181610/tools/bin/../lib/gcc/arm-none-eabi/7.3.1/../../../../arm-none-eabi/lib/thumb/v7-m/crt0.o (exit)
c:/st/stm32cubeide_1.3.0/stm32cubeide/plugins/com.st.stm32cube.ide.mcu.externaltools.gnu-tools-for-stm32.7-2018-q2-update.win32_1.0.0.201904181610/tools/bin/../lib/gcc/arm-none-eabi/7.3.1/../../../../arm-none-eabi/lib/thumb/v7-m\libc_nano.a(lib_a-impure.o)
                              c:/st/stm32cubeide_1.3.0/stm32cubeide/plugins/com.st.stm32cube.ide.mcu.externaltools.gnu-tools-for-stm32.7-2018-q2-update.win32_1.0.0.201904181610/tools/bin/../lib/gcc/arm-none-eabi/7.3.1/../../../../arm-none-eabi/lib/thumb/v7-m\libc_nano.a(lib_a-exit.o) (_global_impure_ptr)
c:/st/stm32cubeide_1.3.0/stm32cubeide/plugins/com.st.stm32cube.ide.mcu.externaltools.gnu-tools-for-stm32.7-2018-q2-update.win32_1.0.0.201904181610/tools/bin/../lib/gcc/arm-none-eabi/7.3.1/../../../../arm-none-eabi/lib/thumb/v7-m\libc_nano.a(lib_a-init.o)
                              c:/st/stm32cubeide_1.3.0/stm32cubeide/plugins/com.st.stm32cube.ide.mcu.externaltools.gnu-tools-for-stm32.7-2018-q2-update.win32_1.0.0.201904181610/tools/bin/../lib/gcc/arm-none-eabi/7.3.1/../../../../arm-none-eabi/lib/thumb/v7-m/crt0.o (__libc_init_array)
c:/st/stm32cubeide_1.3.0/stm32cubeide/plugins/com.st.stm32cube.ide.mcu.externaltools.gnu-tools-for-stm32.7-2018-q2-update.win32_1.0.0.201904181610/tools/bin/../lib/gcc/arm-none-eabi/7.3.1/../../../../arm-none-eabi/lib/thumb/v7-m\libc_nano.a(lib_a-memset.o)
                              c:/st/stm32cubeide_1.3.0/stm32cubeide/plugins/com.st.stm32cube.ide.mcu.externaltools.gnu-tools-for-stm32.7-2018-q2-update.win32_1.0.0.201904181610/tools/bin/../lib/gcc/arm-none-eabi/7.3.1/../../../../arm-none-eabi/lib/thumb/v7-m/crt0.o (memset)
c:/st/stm32cubeide_1.3.0/stm32cubeide/plugins/com.st.stm32cube.ide.mcu.externaltools.gnu-tools-for-stm32.7-2018-q2-update.win32_1.0.0.201904181610/tools/bin/../lib/gcc/arm-none-eabi/7.3.1/../../../../arm-none-eabi/lib/thumb/v7-m\libc_nano.a(lib_a-strcpy.o)
                              Core/Src/menu.o (strcpy)

Allocating common symbols
Common symbol       size              file

joystick_button_toggle
                    0x1               Core/Src/main.o
hspi2               0x58              Core/Src/main.o
htim4               0x40              Core/Src/main.o
uwTick              0x4               Drivers/STM32F1xx_HAL_Driver/Src/stm32f1xx_hal.o
pFlash              0x20              Drivers/STM32F1xx_HAL_Driver/Src/stm32f1xx_hal_flash.o
hadc1               0x30              Core/Src/main.o
joystick_button_pressed
                    0x1               Core/Src/main.o
hdma_adc1           0x44              Core/Src/main.o
joystick            0x4               Core/Src/main.o
is_initialized      0x1               Core/Src/main.o
system_actual       0x4               Core/Src/main.o
main_menu           0x54c             Core/Src/main.o
joystick_changed    0x1               Core/Src/main.o
joystick_direction  0x8               Core/Src/main.o
actual_menu         0x4               Core/Src/main.o

Discarded input sections

 .text          0x0000000000000000        0x0 c:/st/stm32cubeide_1.3.0/stm32cubeide/plugins/com.st.stm32cube.ide.mcu.externaltools.gnu-tools-for-stm32.7-2018-q2-update.win32_1.0.0.201904181610/tools/bin/../lib/gcc/arm-none-eabi/7.3.1/thumb/v7-m/crti.o
 .data          0x0000000000000000        0x0 c:/st/stm32cubeide_1.3.0/stm32cubeide/plugins/com.st.stm32cube.ide.mcu.externaltools.gnu-tools-for-stm32.7-2018-q2-update.win32_1.0.0.201904181610/tools/bin/../lib/gcc/arm-none-eabi/7.3.1/thumb/v7-m/crti.o
 .bss           0x0000000000000000        0x0 c:/st/stm32cubeide_1.3.0/stm32cubeide/plugins/com.st.stm32cube.ide.mcu.externaltools.gnu-tools-for-stm32.7-2018-q2-update.win32_1.0.0.201904181610/tools/bin/../lib/gcc/arm-none-eabi/7.3.1/thumb/v7-m/crti.o
 .data          0x0000000000000000        0x4 c:/st/stm32cubeide_1.3.0/stm32cubeide/plugins/com.st.stm32cube.ide.mcu.externaltools.gnu-tools-for-stm32.7-2018-q2-update.win32_1.0.0.201904181610/tools/bin/../lib/gcc/arm-none-eabi/7.3.1/thumb/v7-m/crtbegin.o
[...]
Memory Configuration

Name             Origin             Length             Attributes
RAM              0x0000000020000000 0x0000000000005000 xrw
FLASH            0x0000000008000000 0x0000000000020000 xr
*default*        0x0000000000000000 0xffffffffffffffff

Linker script and memory map

LOAD c:/st/stm32cubeide_1.3.0/stm32cubeide/plugins/com.st.stm32cube.ide.mcu.externaltools.gnu-tools-for-stm32.7-2018-q2-update.win32_1.0.0.201904181610/tools/bin/../lib/gcc/arm-none-eabi/7.3.1/thumb/v7-m/crti.o
LOAD c:/st/stm32cubeide_1.3.0/stm32cubeide/plugins/com.st.stm32cube.ide.mcu.externaltools.gnu-tools-for-stm32.7-2018-q2-update.win32_1.0.0.201904181610/tools/bin/../lib/gcc/arm-none-eabi/7.3.1/thumb/v7-m/crtbegin.o
LOAD c:/st/stm32cubeide_1.3.0/stm32cubeide/plugins/com.st.stm32cube.ide.mcu.externaltools.gnu-tools-for-stm32.7-2018-q2-update.win32_1.0.0.201904181610/tools/bin/../lib/gcc/arm-none-eabi/7.3.1/../../../../arm-none-eabi/lib/thumb/v7-m/crt0.o
LOAD Core/Src/FONT.o
LOAD Core/Src/main.o
LOAD Core/Src/menu.o
LOAD Core/Src/stm32f1xx_hal_msp.o
LOAD Core/Src/stm32f1xx_it.o
LOAD Core/Src/syscalls.o
LOAD Core/Src/sysmem.o
LOAD Core/Src/system_joy.o
LOAD Core/Src/system_lcd.o
LOAD Core/Src/system_stm32f1xx.o
LOAD Core/Startup/startup_stm32f103rbtx.o
LOAD Drivers/STM32F1xx_HAL_Driver/Src/stm32f1xx_hal.o
LOAD Drivers/STM32F1xx_HAL_Driver/Src/stm32f1xx_hal_adc.o
LOAD Drivers/STM32F1xx_HAL_Driver/Src/stm32f1xx_hal_adc_ex.o
LOAD Drivers/STM32F1xx_HAL_Driver/Src/stm32f1xx_hal_cortex.o
LOAD Drivers/STM32F1xx_HAL_Driver/Src/stm32f1xx_hal_dma.o
LOAD Drivers/STM32F1xx_HAL_Driver/Src/stm32f1xx_hal_exti.o
LOAD Drivers/STM32F1xx_HAL_Driver/Src/stm32f1xx_hal_flash.o
LOAD Drivers/STM32F1xx_HAL_Driver/Src/stm32f1xx_hal_flash_ex.o
LOAD Drivers/STM32F1xx_HAL_Driver/Src/stm32f1xx_hal_gpio.o
LOAD Drivers/STM32F1xx_HAL_Driver/Src/stm32f1xx_hal_gpio_ex.o
LOAD Drivers/STM32F1xx_HAL_Driver/Src/stm32f1xx_hal_pwr.o
LOAD Drivers/STM32F1xx_HAL_Driver/Src/stm32f1xx_hal_rcc.o
LOAD Drivers/STM32F1xx_HAL_Driver/Src/stm32f1xx_hal_rcc_ex.o
LOAD Drivers/STM32F1xx_HAL_Driver/Src/stm32f1xx_hal_spi.o
LOAD Drivers/STM32F1xx_HAL_Driver/Src/stm32f1xx_hal_tim.o
LOAD Drivers/STM32F1xx_HAL_Driver/Src/stm32f1xx_hal_tim_ex.o
START GROUP
LOAD c:/st/stm32cubeide_1.3.0/stm32cubeide/plugins/com.st.stm32cube.ide.mcu.externaltools.gnu-tools-for-stm32.7-2018-q2-update.win32_1.0.0.201904181610/tools/bin/../lib/gcc/arm-none-eabi/7.3.1/../../../../arm-none-eabi/lib/thumb/v7-m\libstdc++_nano.a
LOAD c:/st/stm32cubeide_1.3.0/stm32cubeide/plugins/com.st.stm32cube.ide.mcu.externaltools.gnu-tools-for-stm32.7-2018-q2-update.win32_1.0.0.201904181610/tools/bin/../lib/gcc/arm-none-eabi/7.3.1/../../../../arm-none-eabi/lib/thumb/v7-m\libsupc++_nano.a
END GROUP
LOAD c:/st/stm32cubeide_1.3.0/stm32cubeide/plugins/com.st.stm32cube.ide.mcu.externaltools.gnu-tools-for-stm32.7-2018-q2-update.win32_1.0.0.201904181610/tools/bin/../lib/gcc/arm-none-eabi/7.3.1/../../../../arm-none-eabi/lib/thumb/v7-m\libstdc++_nano.a
LOAD c:/st/stm32cubeide_1.3.0/stm32cubeide/plugins/com.st.stm32cube.ide.mcu.externaltools.gnu-tools-for-stm32.7-2018-q2-update.win32_1.0.0.201904181610/tools/bin/../lib/gcc/arm-none-eabi/7.3.1/../../../../arm-none-eabi/lib/thumb/v7-m\libm.a
LOAD c:/st/stm32cubeide_1.3.0/stm32cubeide/plugins/com.st.stm32cube.ide.mcu.externaltools.gnu-tools-for-stm32.7-2018-q2-update.win32_1.0.0.201904181610/tools/bin/../lib/gcc/arm-none-eabi/7.3.1/../../../../arm-none-eabi/lib/thumb/v7-m\libc_nano.a
START GROUP
LOAD c:/st/stm32cubeide_1.3.0/stm32cubeide/plugins/com.st.stm32cube.ide.mcu.externaltools.gnu-tools-for-stm32.7-2018-q2-update.win32_1.0.0.201904181610/tools/bin/../lib/gcc/arm-none-eabi/7.3.1/thumb/v7-m\libgcc.a
LOAD c:/st/stm32cubeide_1.3.0/stm32cubeide/plugins/com.st.stm32cube.ide.mcu.externaltools.gnu-tools-for-stm32.7-2018-q2-update.win32_1.0.0.201904181610/tools/bin/../lib/gcc/arm-none-eabi/7.3.1/../../../../arm-none-eabi/lib/thumb/v7-m\libc_nano.a
END GROUP
START GROUP
LOAD c:/st/stm32cubeide_1.3.0/stm32cubeide/plugins/com.st.stm32cube.ide.mcu.externaltools.gnu-tools-for-stm32.7-2018-q2-update.win32_1.0.0.201904181610/tools/bin/../lib/gcc/arm-none-eabi/7.3.1/thumb/v7-m\libgcc.a
LOAD c:/st/stm32cubeide_1.3.0/stm32cubeide/plugins/com.st.stm32cube.ide.mcu.externaltools.gnu-tools-for-stm32.7-2018-q2-update.win32_1.0.0.201904181610/tools/bin/../lib/gcc/arm-none-eabi/7.3.1/../../../../arm-none-eabi/lib/thumb/v7-m\libc_nano.a
LOAD c:/st/stm32cubeide_1.3.0/stm32cubeide/plugins/com.st.stm32cube.ide.mcu.externaltools.gnu-tools-for-stm32.7-2018-q2-update.win32_1.0.0.201904181610/tools/bin/../lib/gcc/arm-none-eabi/7.3.1/../../../../arm-none-eabi/lib/thumb/v7-m\libnosys.a
END GROUP
START GROUP
LOAD c:/st/stm32cubeide_1.3.0/stm32cubeide/plugins/com.st.stm32cube.ide.mcu.externaltools.gnu-tools-for-stm32.7-2018-q2-update.win32_1.0.0.201904181610/tools/bin/../lib/gcc/arm-none-eabi/7.3.1/thumb/v7-m\libgcc.a
LOAD c:/st/stm32cubeide_1.3.0/stm32cubeide/plugins/com.st.stm32cube.ide.mcu.externaltools.gnu-tools-for-stm32.7-2018-q2-update.win32_1.0.0.201904181610/tools/bin/../lib/gcc/arm-none-eabi/7.3.1/../../../../arm-none-eabi/lib/thumb/v7-m\libc_nano.a
LOAD c:/st/stm32cubeide_1.3.0/stm32cubeide/plugins/com.st.stm32cube.ide.mcu.externaltools.gnu-tools-for-stm32.7-2018-q2-update.win32_1.0.0.201904181610/tools/bin/../lib/gcc/arm-none-eabi/7.3.1/../../../../arm-none-eabi/lib/thumb/v7-m\libnosys.a
END GROUP
LOAD c:/st/stm32cubeide_1.3.0/stm32cubeide/plugins/com.st.stm32cube.ide.mcu.externaltools.gnu-tools-for-stm32.7-2018-q2-update.win32_1.0.0.201904181610/tools/bin/../lib/gcc/arm-none-eabi/7.3.1/thumb/v7-m/crtend.o
LOAD c:/st/stm32cubeide_1.3.0/stm32cubeide/plugins/com.st.stm32cube.ide.mcu.externaltools.gnu-tools-for-stm32.7-2018-q2-update.win32_1.0.0.201904181610/tools/bin/../lib/gcc/arm-none-eabi/7.3.1/thumb/v7-m/crtn.o
                0x0000000020005000                _estack = (ORIGIN (RAM) + LENGTH (RAM))
                0x0000000000000200                _Min_Heap_Size = 0x200
                0x0000000000000400                _Min_Stack_Size = 0x400

.isr_vector     0x0000000008000000      0x10c
                0x0000000008000000                . = ALIGN (0x4)
 *(.isr_vector)
 .isr_vector    0x0000000008000000      0x10c Core/Startup/startup_stm32f103rbtx.o
                0x0000000008000000                g_pfnVectors
                0x000000000800010c                . = ALIGN (0x4)

.text           0x000000000800010c     0x3514
                0x000000000800010c                . = ALIGN (0x4)
 *(.text)
 .text          0x000000000800010c       0x40 c:/st/stm32cubeide_1.3.0/stm32cubeide/plugins/com.st.stm32cube.ide.mcu.externaltools.gnu-tools-for-stm32.7-2018-q2-update.win32_1.0.0.201904181610/tools/bin/../lib/gcc/arm-none-eabi/7.3.1/thumb/v7-m/crtbegin.o
 *(.text*)
 .text.HAL_TIM_PeriodElapsedCallback
                0x000000000800014c       0x8c Core/Src/main.o
                0x000000000800014c                HAL_TIM_PeriodElapsedCallback
 .text.main     0x00000000080001d8       0x64 Core/Src/main.o
                0x00000000080001d8                main
 .text.SystemClock_Config
                0x000000000800023c       0xae Core/Src/main.o
                0x000000000800023c                SystemClock_Config
 *fill*         0x00000000080002ea        0x2 
 .text.MX_ADC1_Init
                0x00000000080002ec       0x9c Core/Src/main.o
 .text.MX_SPI2_Init
                0x0000000008000388       0x6c Core/Src/main.o
 .text.MX_TIM4_Init
                0x00000000080003f4       0x9c Core/Src/main.o
 .text.MX_DMA_Init
                0x0000000008000490       0x3c Core/Src/main.o
 .text.MX_GPIO_Init
                0x00000000080004cc      0x11c Core/Src/main.o
 .text.Error_Handler
                0x00000000080005e8        0xc Core/Src/main.o
                0x00000000080005e8                Error_Handler
 .text.menu_draw
                0x00000000080005f4       0xac Core/Src/menu.o
                0x00000000080005f4                menu_draw
 .text.menu_actual
                0x00000000080006a0       0xc0 Core/Src/menu.o
                0x00000000080006a0                menu_actual
 .text.menu_set
                0x0000000008000760       0xac Core/Src/menu.o
                0x0000000008000760                menu_set
 .text.menu_init
                0x000000000800080c      0x110 Core/Src/menu.o
                0x000000000800080c                menu_init
 .text.menu_change_set
                0x000000000800091c      0x116 Core/Src/menu.o
                0x000000000800091c                menu_change_set
 *fill*         0x0000000008000a32        0x2 
 .text.menu_pressed
                0x0000000008000a34       0x30 Core/Src/menu.o
                0x0000000008000a34                menu_pressed
 .text.HAL_MspInit
                0x0000000008000a64       0x64 Core/Src/stm32f1xx_hal_msp.o
                0x0000000008000a64                HAL_MspInit
 .text.HAL_ADC_MspInit
                0x0000000008000ac8       0xd0 Core/Src/stm32f1xx_hal_msp.o
                0x0000000008000ac8                HAL_ADC_MspInit
 .text.HAL_SPI_MspInit
                0x0000000008000b98       0x80 Core/Src/stm32f1xx_hal_msp.o
                0x0000000008000b98                HAL_SPI_MspInit
 .text.HAL_TIM_Base_MspInit
                0x0000000008000c18       0x4c Core/Src/stm32f1xx_hal_msp.o
                0x0000000008000c18                HAL_TIM_Base_MspInit
 .text.NMI_Handler
                0x0000000008000c64        0xc Core/Src/stm32f1xx_it.o
                0x0000000008000c64                NMI_Handler
 .text.HardFault_Handler
                0x0000000008000c70        0x6 Core/Src/stm32f1xx_it.o
                0x0000000008000c70                HardFault_Handler
 .text.MemManage_Handler
                0x0000000008000c76        0x6 Core/Src/stm32f1xx_it.o
                0x0000000008000c76                MemManage_Handler
 .text.BusFault_Handler
                0x0000000008000c7c        0x6 Core/Src/stm32f1xx_it.o
                0x0000000008000c7c                BusFault_Handler
 .text.UsageFault_Handler
                0x0000000008000c82        0x6 Core/Src/stm32f1xx_it.o
                0x0000000008000c82                UsageFault_Handler
 .text.SVC_Handler
                0x0000000008000c88        0xc Core/Src/stm32f1xx_it.o
                0x0000000008000c88                SVC_Handler
 .text.DebugMon_Handler
                0x0000000008000c94        0xc Core/Src/stm32f1xx_it.o
                0x0000000008000c94                DebugMon_Handler
 .text.PendSV_Handler
                0x0000000008000ca0        0xc Core/Src/stm32f1xx_it.o
                0x0000000008000ca0                PendSV_Handler
 .text.SysTick_Handler
                0x0000000008000cac        0xc Core/Src/stm32f1xx_it.o
                0x0000000008000cac                SysTick_Handler
 .text.DMA1_Channel1_IRQHandler
                0x0000000008000cb8       0x14 Core/Src/stm32f1xx_it.o
                0x0000000008000cb8                DMA1_Channel1_IRQHandler
 .text.TIM4_IRQHandler
                0x0000000008000ccc       0x14 Core/Src/stm32f1xx_it.o
                0x0000000008000ccc                TIM4_IRQHandler
 .text.EXTI15_10_IRQHandler
                0x0000000008000ce0       0x10 Core/Src/stm32f1xx_it.o
                0x0000000008000ce0                EXTI15_10_IRQHandler
 .text.joy_direction
                0x0000000008000cf0       0x9c Core/Src/system_joy.o
                0x0000000008000cf0                joy_direction
 .text.lcd_write_long_text
                0x0000000008000d8c       0x8c Core/Src/system_lcd.o
                0x0000000008000d8c                lcd_write_long_text
 .text.lcd_reset
                0x0000000008000e18       0x20 Core/Src/system_lcd.o
                0x0000000008000e18                lcd_reset
 .text.lcd_cmd  0x0000000008000e38       0x3c Core/Src/system_lcd.o
                0x0000000008000e38                lcd_cmd
 .text.lcd_data
                0x0000000008000e74       0x48 Core/Src/system_lcd.o
                0x0000000008000e74                lcd_data
 .text.system_init
                0x0000000008000ebc       0x2a Core/Src/system_lcd.o
                0x0000000008000ebc                system_init
 *fill*         0x0000000008000ee6        0x2 
 .text.SystemInit
                0x0000000008000ee8       0x68 Core/Src/system_stm32f1xx.o
                0x0000000008000ee8                SystemInit
 .text.Reset_Handler
                0x0000000008000f50       0x48 Core/Startup/startup_stm32f103rbtx.o
                0x0000000008000f50                Reset_Handler
 .text.Default_Handler
                0x0000000008000f98        0x2 Core/Startup/startup_stm32f103rbtx.o
                0x0000000008000f98                RTC_Alarm_IRQHandler
                0x0000000008000f98                EXTI2_IRQHandler
                0x0000000008000f98                TIM1_CC_IRQHandler
                0x0000000008000f98                PVD_IRQHandler
                0x0000000008000f98                EXTI3_IRQHandler
                0x0000000008000f98                EXTI0_IRQHandler
                0x0000000008000f98                I2C2_EV_IRQHandler
                0x0000000008000f98                ADC1_2_IRQHandler
                0x0000000008000f98                SPI1_IRQHandler
                0x0000000008000f98                TAMPER_IRQHandler
                0x0000000008000f98                DMA1_Channel4_IRQHandler
                0x0000000008000f98                USART3_IRQHandler
                0x0000000008000f98                RTC_IRQHandler
                0x0000000008000f98                DMA1_Channel7_IRQHandler
                0x0000000008000f98                CAN1_RX1_IRQHandler
                0x0000000008000f98                I2C1_EV_IRQHandler
                0x0000000008000f98                DMA1_Channel6_IRQHandler
                0x0000000008000f98                TIM3_IRQHandler
                0x0000000008000f98                RCC_IRQHandler
                0x0000000008000f98                TIM1_TRG_COM_IRQHandler
                0x0000000008000f98                Default_Handler
                0x0000000008000f98                EXTI9_5_IRQHandler
                0x0000000008000f98                SPI2_IRQHandler
                0x0000000008000f98                DMA1_Channel5_IRQHandler
                0x0000000008000f98                EXTI4_IRQHandler
                0x0000000008000f98                USB_LP_CAN1_RX0_IRQHandler
                0x0000000008000f98                USB_HP_CAN1_TX_IRQHandler
                0x0000000008000f98                DMA1_Channel3_IRQHandler
                0x0000000008000f98                TIM1_UP_IRQHandler
                0x0000000008000f98                WWDG_IRQHandler
                0x0000000008000f98                TIM2_IRQHandler
                0x0000000008000f98                TIM1_BRK_IRQHandler
                0x0000000008000f98                EXTI1_IRQHandler
                0x0000000008000f98                USART2_IRQHandler
                0x0000000008000f98                I2C2_ER_IRQHandler
                0x0000000008000f98                DMA1_Channel2_IRQHandler
                0x0000000008000f98                CAN1_SCE_IRQHandler
                0x0000000008000f98                FLASH_IRQHandler
                0x0000000008000f98                USART1_IRQHandler
                0x0000000008000f98                I2C1_ER_IRQHandler
                0x0000000008000f98                USBWakeUp_IRQHandler
 *fill*         0x0000000008000f9a        0x2 
 .text.HAL_Init
                0x0000000008000f9c       0x2c Drivers/STM32F1xx_HAL_Driver/Src/stm32f1xx_hal.o
                0x0000000008000f9c                HAL_Init
 .text.HAL_InitTick
                0x0000000008000fc8       0x60 Drivers/STM32F1xx_HAL_Driver/Src/stm32f1xx_hal.o
                0x0000000008000fc8                HAL_InitTick
 .text.HAL_IncTick
                0x0000000008001028       0x24 Drivers/STM32F1xx_HAL_Driver/Src/stm32f1xx_hal.o
                0x0000000008001028                HAL_IncTick
 .text.HAL_GetTick
                0x000000000800104c       0x14 Drivers/STM32F1xx_HAL_Driver/Src/stm32f1xx_hal.o
                0x000000000800104c                HAL_GetTick
 .text.HAL_ADC_Init
                0x0000000008001060      0x1b0 Drivers/STM32F1xx_HAL_Driver/Src/stm32f1xx_hal_adc.o
                0x0000000008001060                HAL_ADC_Init
 .text.HAL_ADC_Start_DMA
                0x0000000008001210      0x1bc Drivers/STM32F1xx_HAL_Driver/Src/stm32f1xx_hal_adc.o
                0x0000000008001210                HAL_ADC_Start_DMA
 .text.HAL_ADC_ConvCpltCallback
                0x00000000080013cc       0x12 Drivers/STM32F1xx_HAL_Driver/Src/stm32f1xx_hal_adc.o
                0x00000000080013cc                HAL_ADC_ConvCpltCallback
 .text.HAL_ADC_ConvHalfCpltCallback
                0x00000000080013de       0x12 Drivers/STM32F1xx_HAL_Driver/Src/stm32f1xx_hal_adc.o
                0x00000000080013de                HAL_ADC_ConvHalfCpltCallback
 .text.HAL_ADC_ErrorCallback
                0x00000000080013f0       0x12 Drivers/STM32F1xx_HAL_Driver/Src/stm32f1xx_hal_adc.o
                0x00000000080013f0                HAL_ADC_ErrorCallback
 *fill*         0x0000000008001402        0x2 
 .text.HAL_ADC_ConfigChannel
                0x0000000008001404      0x1f0 Drivers/STM32F1xx_HAL_Driver/Src/stm32f1xx_hal_adc.o
                0x0000000008001404                HAL_ADC_ConfigChannel
 .text.ADC_Enable
                0x00000000080015f4       0xa4 Drivers/STM32F1xx_HAL_Driver/Src/stm32f1xx_hal_adc.o
                0x00000000080015f4                ADC_Enable
 .text.ADC_ConversionStop_Disable
                0x0000000008001698       0x74 Drivers/STM32F1xx_HAL_Driver/Src/stm32f1xx_hal_adc.o
                0x0000000008001698                ADC_ConversionStop_Disable
 .text.ADC_DMAConvCplt
                0x000000000800170c       0x7c Drivers/STM32F1xx_HAL_Driver/Src/stm32f1xx_hal_adc.o
                0x000000000800170c                ADC_DMAConvCplt
 .text.ADC_DMAHalfConvCplt
                0x0000000008001788       0x1c Drivers/STM32F1xx_HAL_Driver/Src/stm32f1xx_hal_adc.o
                0x0000000008001788                ADC_DMAHalfConvCplt
 .text.ADC_DMAError
                0x00000000080017a4       0x34 Drivers/STM32F1xx_HAL_Driver/Src/stm32f1xx_hal_adc.o
                0x00000000080017a4                ADC_DMAError
 .text.__NVIC_SetPriorityGrouping
                0x00000000080017d8       0x48 Drivers/STM32F1xx_HAL_Driver/Src/stm32f1xx_hal_cortex.o
 .text.__NVIC_GetPriorityGrouping
                0x0000000008001820       0x1c Drivers/STM32F1xx_HAL_Driver/Src/stm32f1xx_hal_cortex.o
 .text.__NVIC_EnableIRQ
                0x000000000800183c       0x38 Drivers/STM32F1xx_HAL_Driver/Src/stm32f1xx_hal_cortex.o
 .text.__NVIC_SetPriority
                0x0000000008001874       0x54 Drivers/STM32F1xx_HAL_Driver/Src/stm32f1xx_hal_cortex.o
 .text.NVIC_EncodePriority
                0x00000000080018c8       0x64 Drivers/STM32F1xx_HAL_Driver/Src/stm32f1xx_hal_cortex.o
 .text.SysTick_Config
                0x000000000800192c       0x44 Drivers/STM32F1xx_HAL_Driver/Src/stm32f1xx_hal_cortex.o
 .text.HAL_NVIC_SetPriorityGrouping
                0x0000000008001970       0x16 Drivers/STM32F1xx_HAL_Driver/Src/stm32f1xx_hal_cortex.o
                0x0000000008001970                HAL_NVIC_SetPriorityGrouping
 .text.HAL_NVIC_SetPriority
                0x0000000008001986       0x38 Drivers/STM32F1xx_HAL_Driver/Src/stm32f1xx_hal_cortex.o
                0x0000000008001986                HAL_NVIC_SetPriority
 .text.HAL_NVIC_EnableIRQ
                0x00000000080019be       0x1c Drivers/STM32F1xx_HAL_Driver/Src/stm32f1xx_hal_cortex.o
                0x00000000080019be                HAL_NVIC_EnableIRQ
 .text.HAL_SYSTICK_Config
                0x00000000080019da       0x18 Drivers/STM32F1xx_HAL_Driver/Src/stm32f1xx_hal_cortex.o
                0x00000000080019da                HAL_SYSTICK_Config
 *fill*         0x00000000080019f2        0x2 
 .text.HAL_DMA_Init
                0x00000000080019f4       0xb4 Drivers/STM32F1xx_HAL_Driver/Src/stm32f1xx_hal_dma.o
                0x00000000080019f4                HAL_DMA_Init
 .text.HAL_DMA_Start_IT
                0x0000000008001aa8       0xbe Drivers/STM32F1xx_HAL_Driver/Src/stm32f1xx_hal_dma.o
                0x0000000008001aa8                HAL_DMA_Start_IT
 *fill*         0x0000000008001b66        0x2 
 .text.HAL_DMA_IRQHandler
                0x0000000008001b68      0x20c Drivers/STM32F1xx_HAL_Driver/Src/stm32f1xx_hal_dma.o
                0x0000000008001b68                HAL_DMA_IRQHandler
 .text.DMA_SetConfig
                0x0000000008001d74       0x5a Drivers/STM32F1xx_HAL_Driver/Src/stm32f1xx_hal_dma.o
 *fill*         0x0000000008001dce        0x2 
 .text.HAL_GPIO_Init
                0x0000000008001dd0      0x2b4 Drivers/STM32F1xx_HAL_Driver/Src/stm32f1xx_hal_gpio.o
                0x0000000008001dd0                HAL_GPIO_Init
 .text.HAL_GPIO_ReadPin
                0x0000000008002084       0x2e Drivers/STM32F1xx_HAL_Driver/Src/stm32f1xx_hal_gpio.o
                0x0000000008002084                HAL_GPIO_ReadPin
 .text.HAL_GPIO_WritePin
                0x00000000080020b2       0x30 Drivers/STM32F1xx_HAL_Driver/Src/stm32f1xx_hal_gpio.o
                0x00000000080020b2                HAL_GPIO_WritePin
 *fill*         0x00000000080020e2        0x2 
 .text.HAL_GPIO_EXTI_IRQHandler
                0x00000000080020e4       0x30 Drivers/STM32F1xx_HAL_Driver/Src/stm32f1xx_hal_gpio.o
                0x00000000080020e4                HAL_GPIO_EXTI_IRQHandler
 .text.HAL_GPIO_EXTI_Callback
                0x0000000008002114       0x14 Drivers/STM32F1xx_HAL_Driver/Src/stm32f1xx_hal_gpio.o
                0x0000000008002114                HAL_GPIO_EXTI_Callback
 .text.HAL_RCC_OscConfig
                0x0000000008002128      0x500 Drivers/STM32F1xx_HAL_Driver/Src/stm32f1xx_hal_rcc.o
                0x0000000008002128                HAL_RCC_OscConfig
 .text.HAL_RCC_ClockConfig
                0x0000000008002628      0x1d4 Drivers/STM32F1xx_HAL_Driver/Src/stm32f1xx_hal_rcc.o
                0x0000000008002628                HAL_RCC_ClockConfig
 .text.HAL_RCC_GetSysClockFreq
                0x00000000080027fc       0xc4 Drivers/STM32F1xx_HAL_Driver/Src/stm32f1xx_hal_rcc.o
                0x00000000080027fc                HAL_RCC_GetSysClockFreq
 .text.RCC_Delay
                0x00000000080028c0       0x3c Drivers/STM32F1xx_HAL_Driver/Src/stm32f1xx_hal_rcc.o
 .text.HAL_RCCEx_PeriphCLKConfig
                0x00000000080028fc      0x16c Drivers/STM32F1xx_HAL_Driver/Src/stm32f1xx_hal_rcc_ex.o
                0x00000000080028fc                HAL_RCCEx_PeriphCLKConfig
 .text.HAL_SPI_Init
                0x0000000008002a68       0xc2 Drivers/STM32F1xx_HAL_Driver/Src/stm32f1xx_hal_spi.o
                0x0000000008002a68                HAL_SPI_Init
 .text.HAL_SPI_Transmit
                0x0000000008002b2a      0x268 Drivers/STM32F1xx_HAL_Driver/Src/stm32f1xx_hal_spi.o
                0x0000000008002b2a                HAL_SPI_Transmit
 .text.SPI_WaitFlagStateUntilTimeout
                0x0000000008002d92       0xd4 Drivers/STM32F1xx_HAL_Driver/Src/stm32f1xx_hal_spi.o
 .text.SPI_EndRxTxTransaction
                0x0000000008002e66       0x3c Drivers/STM32F1xx_HAL_Driver/Src/stm32f1xx_hal_spi.o
 .text.HAL_TIM_Base_Init
                0x0000000008002ea2       0x56 Drivers/STM32F1xx_HAL_Driver/Src/stm32f1xx_hal_tim.o
                0x0000000008002ea2                HAL_TIM_Base_Init
 .text.HAL_TIM_Base_Start_IT
                0x0000000008002ef8       0x46 Drivers/STM32F1xx_HAL_Driver/Src/stm32f1xx_hal_tim.o
                0x0000000008002ef8                HAL_TIM_Base_Start_IT
 .text.HAL_TIM_IRQHandler
                0x0000000008002f3e      0x210 Drivers/STM32F1xx_HAL_Driver/Src/stm32f1xx_hal_tim.o
                0x0000000008002f3e                HAL_TIM_IRQHandler
 .text.HAL_TIM_ConfigClockSource
                0x000000000800314e      0x16e Drivers/STM32F1xx_HAL_Driver/Src/stm32f1xx_hal_tim.o
                0x000000000800314e                HAL_TIM_ConfigClockSource
 .text.HAL_TIM_OC_DelayElapsedCallback
                0x00000000080032bc       0x12 Drivers/STM32F1xx_HAL_Driver/Src/stm32f1xx_hal_tim.o
                0x00000000080032bc                HAL_TIM_OC_DelayElapsedCallback
 .text.HAL_TIM_IC_CaptureCallback
                0x00000000080032ce       0x12 Drivers/STM32F1xx_HAL_Driver/Src/stm32f1xx_hal_tim.o
                0x00000000080032ce                HAL_TIM_IC_CaptureCallback
 .text.HAL_TIM_PWM_PulseFinishedCallback
                0x00000000080032e0       0x12 Drivers/STM32F1xx_HAL_Driver/Src/stm32f1xx_hal_tim.o
                0x00000000080032e0                HAL_TIM_PWM_PulseFinishedCallback
 .text.HAL_TIM_TriggerCallback
                0x00000000080032f2       0x12 Drivers/STM32F1xx_HAL_Driver/Src/stm32f1xx_hal_tim.o
                0x00000000080032f2                HAL_TIM_TriggerCallback
 .text.TIM_Base_SetConfig
                0x0000000008003304       0xc4 Drivers/STM32F1xx_HAL_Driver/Src/stm32f1xx_hal_tim.o
                0x0000000008003304                TIM_Base_SetConfig
 .text.TIM_TI1_ConfigInputStage
                0x00000000080033c8       0x5c Drivers/STM32F1xx_HAL_Driver/Src/stm32f1xx_hal_tim.o
 .text.TIM_TI2_ConfigInputStage
                0x0000000008003424       0x5e Drivers/STM32F1xx_HAL_Driver/Src/stm32f1xx_hal_tim.o
 .text.TIM_ITRx_SetConfig
                0x0000000008003482       0x34 Drivers/STM32F1xx_HAL_Driver/Src/stm32f1xx_hal_tim.o
 .text.TIM_ETR_SetConfig
                0x00000000080034b6       0x3e Drivers/STM32F1xx_HAL_Driver/Src/stm32f1xx_hal_tim.o
                0x00000000080034b6                TIM_ETR_SetConfig
 .text.HAL_TIMEx_MasterConfigSynchronization
                0x00000000080034f4       0x88 Drivers/STM32F1xx_HAL_Driver/Src/stm32f1xx_hal_tim_ex.o
                0x00000000080034f4                HAL_TIMEx_MasterConfigSynchronization
 .text.HAL_TIMEx_CommutCallback
                0x000000000800357c       0x12 Drivers/STM32F1xx_HAL_Driver/Src/stm32f1xx_hal_tim_ex.o
                0x000000000800357c                HAL_TIMEx_CommutCallback
 .text.HAL_TIMEx_BreakCallback
                0x000000000800358e       0x12 Drivers/STM32F1xx_HAL_Driver/Src/stm32f1xx_hal_tim_ex.o
                0x000000000800358e                HAL_TIMEx_BreakCallback
 .text.__libc_init_array
                0x00000000080035a0       0x48 c:/st/stm32cubeide_1.3.0/stm32cubeide/plugins/com.st.stm32cube.ide.mcu.externaltools.gnu-tools-for-stm32.7-2018-q2-update.win32_1.0.0.201904181610/tools/bin/../lib/gcc/arm-none-eabi/7.3.1/../../../../arm-none-eabi/lib/thumb/v7-m\libc_nano.a(lib_a-init.o)
                0x00000000080035a0                __libc_init_array
 .text.memset   0x00000000080035e8       0x10 c:/st/stm32cubeide_1.3.0/stm32cubeide/plugins/com.st.stm32cube.ide.mcu.externaltools.gnu-tools-for-stm32.7-2018-q2-update.win32_1.0.0.201904181610/tools/bin/../lib/gcc/arm-none-eabi/7.3.1/../../../../arm-none-eabi/lib/thumb/v7-m\libc_nano.a(lib_a-memset.o)
                0x00000000080035e8                memset
 .text.strcpy   0x00000000080035f8       0x10 c:/st/stm32cubeide_1.3.0/stm32cubeide/plugins/com.st.stm32cube.ide.mcu.externaltools.gnu-tools-for-stm32.7-2018-q2-update.win32_1.0.0.201904181610/tools/bin/../lib/gcc/arm-none-eabi/7.3.1/../../../../arm-none-eabi/lib/thumb/v7-m\libc_nano.a(lib_a-strcpy.o)
                0x00000000080035f8                strcpy
 *(.glue_7)
 .glue_7        0x0000000008003608        0x0 linker stubs
 *(.glue_7t)
 .glue_7t       0x0000000008003608        0x0 linker stubs
 *(.eh_frame)
 .eh_frame      0x0000000008003608        0x0 c:/st/stm32cubeide_1.3.0/stm32cubeide/plugins/com.st.stm32cube.ide.mcu.externaltools.gnu-tools-for-stm32.7-2018-q2-update.win32_1.0.0.201904181610/tools/bin/../lib/gcc/arm-none-eabi/7.3.1/thumb/v7-m/crtbegin.o
 *(.init)
 .init          0x0000000008003608        0x4 c:/st/stm32cubeide_1.3.0/stm32cubeide/plugins/com.st.stm32cube.ide.mcu.externaltools.gnu-tools-for-stm32.7-2018-q2-update.win32_1.0.0.201904181610/tools/bin/../lib/gcc/arm-none-eabi/7.3.1/thumb/v7-m/crti.o
                0x0000000008003608                _init
 .init          0x000000000800360c        0x8 c:/st/stm32cubeide_1.3.0/stm32cubeide/plugins/com.st.stm32cube.ide.mcu.externaltools.gnu-tools-for-stm32.7-2018-q2-update.win32_1.0.0.201904181610/tools/bin/../lib/gcc/arm-none-eabi/7.3.1/thumb/v7-m/crtn.o
 *(.fini)
 .fini          0x0000000008003614        0x4 c:/st/stm32cubeide_1.3.0/stm32cubeide/plugins/com.st.stm32cube.ide.mcu.externaltools.gnu-tools-for-stm32.7-2018-q2-update.win32_1.0.0.201904181610/tools/bin/../lib/gcc/arm-none-eabi/7.3.1/thumb/v7-m/crti.o
                0x0000000008003614                _fini
 .fini          0x0000000008003618        0x8 c:/st/stm32cubeide_1.3.0/stm32cubeide/plugins/com.st.stm32cube.ide.mcu.externaltools.gnu-tools-for-stm32.7-2018-q2-update.win32_1.0.0.201904181610/tools/bin/../lib/gcc/arm-none-eabi/7.3.1/thumb/v7-m/crtn.o
                0x0000000008003620                . = ALIGN (0x4)
                0x0000000008003620                _etext = .

.vfp11_veneer   0x0000000008003620        0x0
 .vfp11_veneer  0x0000000008003620        0x0 linker stubs

.v4_bx          0x0000000008003620        0x0
 .v4_bx         0x0000000008003620        0x0 linker stubs

.iplt           0x0000000008003620        0x0
 .iplt          0x0000000008003620        0x0 c:/st/stm32cubeide_1.3.0/stm32cubeide/plugins/com.st.stm32cube.ide.mcu.externaltools.gnu-tools-for-stm32.7-2018-q2-update.win32_1.0.0.201904181610/tools/bin/../lib/gcc/arm-none-eabi/7.3.1/thumb/v7-m/crtbegin.o

.rodata         0x0000000008003620      0x28c
                0x0000000008003620                . = ALIGN (0x4)
 *(.rodata)
 .rodata        0x0000000008003620       0x86 Core/Src/menu.o
 *fill*         0x00000000080036a6        0x2 
 .rodata        0x00000000080036a8       0x12 Drivers/STM32F1xx_HAL_Driver/Src/stm32f1xx_hal_rcc.o
 *(.rodata*)
 *fill*         0x00000000080036ba        0x2 
 .rodata.font_ASCII
                0x00000000080036bc      0x1e0 Core/Src/FONT.o
                0x00000000080036bc                font_ASCII
 .rodata.AHBPrescTable
                0x000000000800389c       0x10 Core/Src/system_stm32f1xx.o
                0x000000000800389c                AHBPrescTable
                0x00000000080038ac                . = ALIGN (0x4)

.rel.dyn        0x00000000080038ac        0x0
 .rel.iplt      0x00000000080038ac        0x0 c:/st/stm32cubeide_1.3.0/stm32cubeide/plugins/com.st.stm32cube.ide.mcu.externaltools.gnu-tools-for-stm32.7-2018-q2-update.win32_1.0.0.201904181610/tools/bin/../lib/gcc/arm-none-eabi/7.3.1/thumb/v7-m/crtbegin.o

.ARM.extab      0x00000000080038ac        0x0
                0x00000000080038ac                . = ALIGN (0x4)
 *(.ARM.extab* .gnu.linkonce.armextab.*)
                0x00000000080038ac                . = ALIGN (0x4)

.ARM            0x00000000080038ac        0x0
                0x00000000080038ac                . = ALIGN (0x4)
                0x00000000080038ac                __exidx_start = .
 *(.ARM.exidx*)
                0x00000000080038ac                __exidx_end = .
                0x00000000080038ac                . = ALIGN (0x4)

.preinit_array  0x00000000080038ac        0x0
                0x00000000080038ac                . = ALIGN (0x4)
                0x00000000080038ac                PROVIDE (__preinit_array_start = .)
 *(.preinit_array*)
                0x00000000080038ac                PROVIDE (__preinit_array_end = .)
                0x00000000080038ac                . = ALIGN (0x4)

.init_array     0x00000000080038ac        0x4
                0x00000000080038ac                . = ALIGN (0x4)
                0x00000000080038ac                PROVIDE (__init_array_start = .)
 *(SORT_BY_NAME(.init_array.*))
 *(.init_array*)
 .init_array    0x00000000080038ac        0x4 c:/st/stm32cubeide_1.3.0/stm32cubeide/plugins/com.st.stm32cube.ide.mcu.externaltools.gnu-tools-for-stm32.7-2018-q2-update.win32_1.0.0.201904181610/tools/bin/../lib/gcc/arm-none-eabi/7.3.1/thumb/v7-m/crtbegin.o
                0x00000000080038b0                PROVIDE (__init_array_end = .)
                0x00000000080038b0                . = ALIGN (0x4)

.fini_array     0x00000000080038b0        0x4
                0x00000000080038b0                . = ALIGN (0x4)
                [!provide]                        PROVIDE (__fini_array_start = .)
 *(SORT_BY_NAME(.fini_array.*))
 *(.fini_array*)
 .fini_array    0x00000000080038b0        0x4 c:/st/stm32cubeide_1.3.0/stm32cubeide/plugins/com.st.stm32cube.ide.mcu.externaltools.gnu-tools-for-stm32.7-2018-q2-update.win32_1.0.0.201904181610/tools/bin/../lib/gcc/arm-none-eabi/7.3.1/thumb/v7-m/crtbegin.o
                [!provide]                        PROVIDE (__fini_array_end = .)
                0x00000000080038b4                . = ALIGN (0x4)
                0x00000000080038b4                _sidata = LOADADDR (.data)

.data           0x0000000020000000        0xc load address 0x00000000080038b4
                0x0000000020000000                . = ALIGN (0x4)
                0x0000000020000000                _sdata = .
 *(.data)
 *(.data*)
 .data.SystemCoreClock
                0x0000000020000000        0x4 Core/Src/system_stm32f1xx.o
                0x0000000020000000                SystemCoreClock
 .data.uwTickPrio
                0x0000000020000004        0x4 Drivers/STM32F1xx_HAL_Driver/Src/stm32f1xx_hal.o
                0x0000000020000004                uwTickPrio
 .data.uwTickFreq
                0x0000000020000008        0x1 Drivers/STM32F1xx_HAL_Driver/Src/stm32f1xx_hal.o
                0x0000000020000008                uwTickFreq
                0x000000002000000c                . = ALIGN (0x4)
 *fill*         0x0000000020000009        0x3 
                0x000000002000000c                _edata = .

.igot.plt       0x000000002000000c        0x0 load address 0x00000000080038c0
 .igot.plt      0x000000002000000c        0x0 c:/st/stm32cubeide_1.3.0/stm32cubeide/plugins/com.st.stm32cube.ide.mcu.externaltools.gnu-tools-for-stm32.7-2018-q2-update.win32_1.0.0.201904181610/tools/bin/../lib/gcc/arm-none-eabi/7.3.1/thumb/v7-m/crtbegin.o
                0x000000002000000c                . = ALIGN (0x4)

.bss            0x000000002000000c      0x8a4 load address 0x00000000080038c0
                0x000000002000000c                _sbss = .
                0x000000002000000c                __bss_start__ = _sbss
 *(.bss)
 .bss           0x000000002000000c       0x1c c:/st/stm32cubeide_1.3.0/stm32cubeide/plugins/com.st.stm32cube.ide.mcu.externaltools.gnu-tools-for-stm32.7-2018-q2-update.win32_1.0.0.201904181610/tools/bin/../lib/gcc/arm-none-eabi/7.3.1/thumb/v7-m/crtbegin.o
 *(.bss*)
 .bss.move      0x0000000020000028        0x8 Core/Src/main.o
                0x0000000020000028                move
 .bss.is_hold.6622
                0x0000000020000030        0x1 Core/Src/menu.o
 *fill*         0x0000000020000031        0x3 
 .bss.i.6621    0x0000000020000034        0x4 Core/Src/menu.o
 .bss.display   0x0000000020000038      0x1f8 Core/Src/system_lcd.o
                0x0000000020000038                display
 *(COMMON)
 COMMON         0x0000000020000230      0x67c Core/Src/main.o
                0x0000000020000230                joystick_button_toggle
                0x0000000020000234                hspi2
                0x000000002000028c                htim4
                0x00000000200002cc                hadc1
                0x00000000200002fc                joystick_button_pressed
                0x0000000020000300                hdma_adc1
                0x0000000020000344                joystick
                0x0000000020000348                is_initialized
                0x000000002000034c                system_actual
                0x0000000020000350                main_menu
                0x000000002000089c                joystick_changed
                0x00000000200008a0                joystick_direction
                0x00000000200008a8                actual_menu
 COMMON         0x00000000200008ac        0x4 Drivers/STM32F1xx_HAL_Driver/Src/stm32f1xx_hal.o
                0x00000000200008ac                uwTick
                0x00000000200008b0                . = ALIGN (0x4)
                0x00000000200008b0                _ebss = .
                0x00000000200008b0                __bss_end__ = _ebss

._user_heap_stack
                0x00000000200008b0      0x600 load address 0x00000000080038c0
                0x00000000200008b0                . = ALIGN (0x8)
                0x00000000200008b0                PROVIDE (end = .)
                [!provide]                        PROVIDE (_end = .)
                0x0000000020000ab0                . = (. + _Min_Heap_Size)
 *fill*         0x00000000200008b0      0x200 
                0x0000000020000eb0                . = (. + _Min_Stack_Size)
 *fill*         0x0000000020000ab0      0x400 
                0x0000000020000eb0                . = ALIGN (0x8)

/DISCARD/
 libc.a(*)
 libm.a(*)
 libgcc.a(*)

.ARM.attributes
                0x0000000000000000       0x29
 *(.ARM.attributes)
 .ARM.attributes
                0x0000000000000000       0x1d c:/st/stm32cubeide_1.3.0/stm32cubeide/plugins/com.st.stm32cube.ide.mcu.externaltools.gnu-tools-for-stm32.7-2018-q2-update.win32_1.0.0.201904181610/tools/bin/../lib/gcc/arm-none-eabi/7.3.1/thumb/v7-m/crti.o
 .ARM.attributes
                0x000000000000001d       0x2d c:/st/stm32cubeide_1.3.0/stm32cubeide/plugins/com.st.stm32cube.ide.mcu.externaltools.gnu-tools-for-stm32.7-2018-q2-update.win32_1.0.0.201904181610/tools/bin/../lib/gcc/arm-none-eabi/7.3.1/thumb/v7-m/crtbegin.o
 .ARM.attributes
                0x000000000000004a       0x33 Core/Src/FONT.o
 .ARM.attributes
                0x000000000000007d       0x33 Core/Src/main.o
 .ARM.attributes
                0x00000000000000b0       0x33 Core/Src/menu.o
 .ARM.attributes
                0x00000000000000e3       0x33 Core/Src/stm32f1xx_hal_msp.o
 .ARM.attributes
                0x0000000000000116       0x33 Core/Src/stm32f1xx_it.o
 .ARM.attributes
                0x0000000000000149       0x33 Core/Src/system_joy.o
 .ARM.attributes
                0x000000000000017c       0x33 Core/Src/system_lcd.o
 .ARM.attributes
                0x00000000000001af       0x33 Core/Src/system_stm32f1xx.o
 .ARM.attributes
                0x00000000000001e2       0x21 Core/Startup/startup_stm32f103rbtx.o
 .ARM.attributes
                0x0000000000000203       0x33 Drivers/STM32F1xx_HAL_Driver/Src/stm32f1xx_hal.o
 .ARM.attributes
                0x0000000000000236       0x33 Drivers/STM32F1xx_HAL_Driver/Src/stm32f1xx_hal_adc.o
 .ARM.attributes
                0x0000000000000269       0x33 Drivers/STM32F1xx_HAL_Driver/Src/stm32f1xx_hal_cortex.o
 .ARM.attributes
                0x000000000000029c       0x33 Drivers/STM32F1xx_HAL_Driver/Src/stm32f1xx_hal_dma.o
 .ARM.attributes
                0x00000000000002cf       0x33 Drivers/STM32F1xx_HAL_Driver/Src/stm32f1xx_hal_gpio.o
 .ARM.attributes
                0x0000000000000302       0x33 Drivers/STM32F1xx_HAL_Driver/Src/stm32f1xx_hal_rcc.o
 .ARM.attributes
                0x0000000000000335       0x33 Drivers/STM32F1xx_HAL_Driver/Src/stm32f1xx_hal_rcc_ex.o
 .ARM.attributes
                0x0000000000000368       0x33 Drivers/STM32F1xx_HAL_Driver/Src/stm32f1xx_hal_spi.o
 .ARM.attributes
                0x000000000000039b       0x33 Drivers/STM32F1xx_HAL_Driver/Src/stm32f1xx_hal_tim.o
 .ARM.attributes
                0x00000000000003ce       0x33 Drivers/STM32F1xx_HAL_Driver/Src/stm32f1xx_hal_tim_ex.o
 .ARM.attributes
                0x0000000000000401       0x2d c:/st/stm32cubeide_1.3.0/stm32cubeide/plugins/com.st.stm32cube.ide.mcu.externaltools.gnu-tools-for-stm32.7-2018-q2-update.win32_1.0.0.201904181610/tools/bin/../lib/gcc/arm-none-eabi/7.3.1/../../../../arm-none-eabi/lib/thumb/v7-m\libc_nano.a(lib_a-init.o)
 .ARM.attributes
                0x000000000000042e       0x2d c:/st/stm32cubeide_1.3.0/stm32cubeide/plugins/com.st.stm32cube.ide.mcu.externaltools.gnu-tools-for-stm32.7-2018-q2-update.win32_1.0.0.201904181610/tools/bin/../lib/gcc/arm-none-eabi/7.3.1/../../../../arm-none-eabi/lib/thumb/v7-m\libc_nano.a(lib_a-memset.o)
 .ARM.attributes
                0x000000000000045b       0x2d c:/st/stm32cubeide_1.3.0/stm32cubeide/plugins/com.st.stm32cube.ide.mcu.externaltools.gnu-tools-for-stm32.7-2018-q2-update.win32_1.0.0.201904181610/tools/bin/../lib/gcc/arm-none-eabi/7.3.1/../../../../arm-none-eabi/lib/thumb/v7-m\libc_nano.a(lib_a-strcpy.o)
 .ARM.attributes
                0x0000000000000488       0x1d c:/st/stm32cubeide_1.3.0/stm32cubeide/plugins/com.st.stm32cube.ide.mcu.externaltools.gnu-tools-for-stm32.7-2018-q2-update.win32_1.0.0.201904181610/tools/bin/../lib/gcc/arm-none-eabi/7.3.1/thumb/v7-m/crtn.o
OUTPUT(STM_GameBoy.elf elf32-littlearm)

.debug_info     0x0000000000000000     0xe302
 .debug_info    0x0000000000000000       0xaa Core/Src/FONT.o
 .debug_info    0x00000000000000aa     0x1b45 Core/Src/main.o
 .debug_info    0x0000000000001bef     0x1415 Core/Src/menu.o
 .debug_info    0x0000000000003004      0xf5d Core/Src/stm32f1xx_hal_msp.o
 .debug_info    0x0000000000003f61      0x6db Core/Src/stm32f1xx_it.o
 .debug_info    0x000000000000463c      0x982 Core/Src/system_joy.o
 .debug_info    0x0000000000004fbe      0xb52 Core/Src/system_lcd.o
 .debug_info    0x0000000000005b10      0x433 Core/Src/system_stm32f1xx.o
 .debug_info    0x0000000000005f43       0x22 Core/Startup/startup_stm32f103rbtx.o
 .debug_info    0x0000000000005f65      0x6fe Drivers/STM32F1xx_HAL_Driver/Src/stm32f1xx_hal.o
 .debug_info    0x0000000000006663      0xc61 Drivers/STM32F1xx_HAL_Driver/Src/stm32f1xx_hal_adc.o
 .debug_info    0x00000000000072c4      0xb46 Drivers/STM32F1xx_HAL_Driver/Src/stm32f1xx_hal_cortex.o
 .debug_info    0x0000000000007e0a      0x7a6 Drivers/STM32F1xx_HAL_Driver/Src/stm32f1xx_hal_dma.o
 .debug_info    0x00000000000085b0      0x681 Drivers/STM32F1xx_HAL_Driver/Src/stm32f1xx_hal_gpio.o
 .debug_info    0x0000000000008c31      0x804 Drivers/STM32F1xx_HAL_Driver/Src/stm32f1xx_hal_rcc.o
 .debug_info    0x0000000000009435      0x439 Drivers/STM32F1xx_HAL_Driver/Src/stm32f1xx_hal_rcc_ex.o
 .debug_info    0x000000000000986e     0x153a Drivers/STM32F1xx_HAL_Driver/Src/stm32f1xx_hal_spi.o
 .debug_info    0x000000000000ada8     0x2456 Drivers/STM32F1xx_HAL_Driver/Src/stm32f1xx_hal_tim.o
 .debug_info    0x000000000000d1fe     0x1104 Drivers/STM32F1xx_HAL_Driver/Src/stm32f1xx_hal_tim_ex.o

.debug_abbrev   0x0000000000000000     0x2264
 .debug_abbrev  0x0000000000000000       0x65 Core/Src/FONT.o
 .debug_abbrev  0x0000000000000065      0x2be Core/Src/main.o
 .debug_abbrev  0x0000000000000323      0x27a Core/Src/menu.o
 .debug_abbrev  0x000000000000059d      0x1cf Core/Src/stm32f1xx_hal_msp.o
 .debug_abbrev  0x000000000000076c      0x15a Core/Src/stm32f1xx_it.o
 .debug_abbrev  0x00000000000008c6      0x1d0 Core/Src/system_joy.o
 .debug_abbrev  0x0000000000000a96      0x202 Core/Src/system_lcd.o
 .debug_abbrev  0x0000000000000c98      0x134 Core/Src/system_stm32f1xx.o
 .debug_abbrev  0x0000000000000dcc       0x12 Core/Startup/startup_stm32f103rbtx.o
 .debug_abbrev  0x0000000000000dde      0x1d8 Drivers/STM32F1xx_HAL_Driver/Src/stm32f1xx_hal.o
 .debug_abbrev  0x0000000000000fb6      0x1d5 Drivers/STM32F1xx_HAL_Driver/Src/stm32f1xx_hal_adc.o
 .debug_abbrev  0x000000000000118b      0x2d5 Drivers/STM32F1xx_HAL_Driver/Src/stm32f1xx_hal_cortex.o
 .debug_abbrev  0x0000000000001460      0x1fe Drivers/STM32F1xx_HAL_Driver/Src/stm32f1xx_hal_dma.o
 .debug_abbrev  0x000000000000165e      0x1c0 Drivers/STM32F1xx_HAL_Driver/Src/stm32f1xx_hal_gpio.o
 .debug_abbrev  0x000000000000181e      0x243 Drivers/STM32F1xx_HAL_Driver/Src/stm32f1xx_hal_rcc.o
 .debug_abbrev  0x0000000000001a61      0x175 Drivers/STM32F1xx_HAL_Driver/Src/stm32f1xx_hal_rcc_ex.o
 .debug_abbrev  0x0000000000001bd6      0x240 Drivers/STM32F1xx_HAL_Driver/Src/stm32f1xx_hal_spi.o
 .debug_abbrev  0x0000000000001e16      0x230 Drivers/STM32F1xx_HAL_Driver/Src/stm32f1xx_hal_tim.o
 .debug_abbrev  0x0000000000002046      0x21e Drivers/STM32F1xx_HAL_Driver/Src/stm32f1xx_hal_tim_ex.o

.debug_aranges  0x0000000000000000      0xd98
 .debug_aranges
                0x0000000000000000       0x18 Core/Src/FONT.o
 .debug_aranges
                0x0000000000000018       0x60 Core/Src/main.o
 .debug_aranges
                0x0000000000000078       0x48 Core/Src/menu.o
 .debug_aranges
                0x00000000000000c0       0x50 Core/Src/stm32f1xx_hal_msp.o
 .debug_aranges
                0x0000000000000110       0x78 Core/Src/stm32f1xx_it.o
 .debug_aranges
                0x0000000000000188       0x38 Core/Src/system_joy.o
 .debug_aranges
                0x00000000000001c0       0x58 Core/Src/system_lcd.o
 .debug_aranges
                0x0000000000000218       0x28 Core/Src/system_stm32f1xx.o
 .debug_aranges
                0x0000000000000240       0x28 Core/Startup/startup_stm32f103rbtx.o
 .debug_aranges
                0x0000000000000268       0xe0 Drivers/STM32F1xx_HAL_Driver/Src/stm32f1xx_hal.o
 .debug_aranges
                0x0000000000000348       0xf0 Drivers/STM32F1xx_HAL_Driver/Src/stm32f1xx_hal_adc.o
 .debug_aranges
                0x0000000000000438      0x100 Drivers/STM32F1xx_HAL_Driver/Src/stm32f1xx_hal_cortex.o
 .debug_aranges
                0x0000000000000538       0x80 Drivers/STM32F1xx_HAL_Driver/Src/stm32f1xx_hal_dma.o
 .debug_aranges
                0x00000000000005b8       0x58 Drivers/STM32F1xx_HAL_Driver/Src/stm32f1xx_hal_gpio.o
 .debug_aranges
                0x0000000000000610       0x90 Drivers/STM32F1xx_HAL_Driver/Src/stm32f1xx_hal_rcc.o
 .debug_aranges
                0x00000000000006a0       0x30 Drivers/STM32F1xx_HAL_Driver/Src/stm32f1xx_hal_rcc_ex.o
 .debug_aranges
                0x00000000000006d0      0x1d0 Drivers/STM32F1xx_HAL_Driver/Src/stm32f1xx_hal_spi.o
 .debug_aranges
                0x00000000000008a0      0x3a8 Drivers/STM32F1xx_HAL_Driver/Src/stm32f1xx_hal_tim.o
 .debug_aranges
                0x0000000000000c48      0x150 Drivers/STM32F1xx_HAL_Driver/Src/stm32f1xx_hal_tim_ex.o

.debug_macro    0x0000000000000000    0x14f4f
 .debug_macro   0x0000000000000000       0x6d Core/Src/FONT.o
 .debug_macro   0x000000000000006d      0xa5a Core/Src/FONT.o
 .debug_macro   0x0000000000000ac7       0x22 Core/Src/FONT.o
 .debug_macro   0x0000000000000ae9       0x8e Core/Src/FONT.o
 .debug_macro   0x0000000000000b77       0x51 Core/Src/FONT.o
 .debug_macro   0x0000000000000bc8       0xef Core/Src/FONT.o
 .debug_macro   0x0000000000000cb7       0x6a Core/Src/FONT.o
 .debug_macro   0x0000000000000d21      0x1df Core/Src/FONT.o
 .debug_macro   0x0000000000000f00      0x29f Core/Src/main.o
 .debug_macro   0x000000000000119f      0x227 Core/Src/main.o
 .debug_macro   0x00000000000013c6       0x2e Core/Src/main.o
 .debug_macro   0x00000000000013f4       0x22 Core/Src/main.o
 .debug_macro   0x0000000000001416       0x1c Core/Src/main.o
 .debug_macro   0x0000000000001432       0x22 Core/Src/main.o
 .debug_macro   0x0000000000001454       0xc3 Core/Src/main.o
 .debug_macro   0x0000000000001517      0xd23 Core/Src/main.o
 .debug_macro   0x000000000000223a     0xe09e Core/Src/main.o
 .debug_macro   0x00000000000102d8       0x43 Core/Src/main.o
 .debug_macro   0x000000000001031b      0x174 Core/Src/main.o
 .debug_macro   0x000000000001048f       0x5a Core/Src/main.o
 .debug_macro   0x00000000000104e9      0x5be Core/Src/main.o
 .debug_macro   0x0000000000010aa7      0x289 Core/Src/main.o
 .debug_macro   0x0000000000010d30      0x1cb Core/Src/main.o
 .debug_macro   0x0000000000010efb      0x114 Core/Src/main.o
 .debug_macro   0x000000000001100f      0x1b2 Core/Src/main.o
 .debug_macro   0x00000000000111c1       0x27 Core/Src/main.o
 .debug_macro   0x00000000000111e8      0x136 Core/Src/main.o
 .debug_macro   0x000000000001131e      0x1bc Core/Src/main.o
 .debug_macro   0x00000000000114da       0x34 Core/Src/main.o
 .debug_macro   0x000000000001150e       0x3c Core/Src/main.o
 .debug_macro   0x000000000001154a       0x57 Core/Src/main.o
 .debug_macro   0x00000000000115a1      0x46a Core/Src/main.o
 .debug_macro   0x0000000000011a0b      0x1b5 Core/Src/main.o
 .debug_macro   0x0000000000011bc0       0x88 Core/Src/main.o
 .debug_macro   0x0000000000011c48      0x241 Core/Src/main.o
 .debug_macro   0x0000000000011e89      0x141 Core/Src/main.o
 .debug_macro   0x0000000000011fca      0x217 Core/Src/main.o
 .debug_macro   0x00000000000121e1      0x88b Core/Src/main.o
 .debug_macro   0x0000000000012a6c       0x83 Core/Src/main.o
 .debug_macro   0x0000000000012aef       0x70 Core/Src/main.o
 .debug_macro   0x0000000000012b5f       0x16 Core/Src/main.o
 .debug_macro   0x0000000000012b75       0x46 Core/Src/main.o
 .debug_macro   0x0000000000012bbb       0x18 Core/Src/main.o
 .debug_macro   0x0000000000012bd3       0x3c Core/Src/main.o
 .debug_macro   0x0000000000012c0f       0x34 Core/Src/main.o
 .debug_macro   0x0000000000012c43       0x52 Core/Src/main.o
 .debug_macro   0x0000000000012c95       0x1f Core/Src/main.o
 .debug_macro   0x0000000000012cb4       0x43 Core/Src/main.o
 .debug_macro   0x0000000000012cf7       0x20 Core/Src/main.o
 .debug_macro   0x0000000000012d17      0x1a3 Core/Src/main.o
 .debug_macro   0x0000000000012eba      0x32a Core/Src/main.o
 .debug_macro   0x00000000000131e4       0x10 Core/Src/main.o
 .debug_macro   0x00000000000131f4       0x35 Core/Src/main.o
 .debug_macro   0x0000000000013229       0x20 Core/Src/main.o
 .debug_macro   0x0000000000013249      0x29b Core/Src/menu.o
 .debug_macro   0x00000000000134e4      0x1bd Core/Src/stm32f1xx_hal_msp.o
 .debug_macro   0x00000000000136a1      0x1c7 Core/Src/stm32f1xx_it.o
 .debug_macro   0x0000000000013868      0x1d0 Core/Src/system_joy.o
 .debug_macro   0x0000000000013a38      0x1d0 Core/Src/system_lcd.o
 .debug_macro   0x0000000000013c08      0x1b4 Core/Src/system_stm32f1xx.o
 .debug_macro   0x0000000000013dbc      0x1d2 Drivers/STM32F1xx_HAL_Driver/Src/stm32f1xx_hal.o
 .debug_macro   0x0000000000013f8e      0x1cb Drivers/STM32F1xx_HAL_Driver/Src/stm32f1xx_hal_adc.o
 .debug_macro   0x0000000000014159      0x1ae Drivers/STM32F1xx_HAL_Driver/Src/stm32f1xx_hal_cortex.o
 .debug_macro   0x0000000000014307      0x1ae Drivers/STM32F1xx_HAL_Driver/Src/stm32f1xx_hal_dma.o
 .debug_macro   0x00000000000144b5      0x219 Drivers/STM32F1xx_HAL_Driver/Src/stm32f1xx_hal_gpio.o
 .debug_macro   0x00000000000146ce      0x1c0 Drivers/STM32F1xx_HAL_Driver/Src/stm32f1xx_hal_rcc.o
 .debug_macro   0x000000000001488e      0x1ae Drivers/STM32F1xx_HAL_Driver/Src/stm32f1xx_hal_rcc_ex.o
 .debug_macro   0x0000000000014a3c      0x1b6 Drivers/STM32F1xx_HAL_Driver/Src/stm32f1xx_hal_spi.o
 .debug_macro   0x0000000000014bf2      0x1af Drivers/STM32F1xx_HAL_Driver/Src/stm32f1xx_hal_tim.o
 .debug_macro   0x0000000000014da1      0x1ae Drivers/STM32F1xx_HAL_Driver/Src/stm32f1xx_hal_tim_ex.o

.debug_line     0x0000000000000000     0xabd7
 .debug_line    0x0000000000000000      0x388 Core/Src/FONT.o
 .debug_line    0x0000000000000388      0x8d6 Core/Src/main.o
 .debug_line    0x0000000000000c5e      0x8cc Core/Src/menu.o
 .debug_line    0x000000000000152a      0x6f5 Core/Src/stm32f1xx_hal_msp.o
 .debug_line    0x0000000000001c1f      0x740 Core/Src/stm32f1xx_it.o
 .debug_line    0x000000000000235f      0x6d1 Core/Src/system_joy.o
 .debug_line    0x0000000000002a30      0x73b Core/Src/system_lcd.o
 .debug_line    0x000000000000316b      0x697 Core/Src/system_stm32f1xx.o
 .debug_line    0x0000000000003802       0x84 Core/Startup/startup_stm32f103rbtx.o
 .debug_line    0x0000000000003886      0x83f Drivers/STM32F1xx_HAL_Driver/Src/stm32f1xx_hal.o
 .debug_line    0x00000000000040c5      0xb91 Drivers/STM32F1xx_HAL_Driver/Src/stm32f1xx_hal_adc.o
 .debug_line    0x0000000000004c56      0x918 Drivers/STM32F1xx_HAL_Driver/Src/stm32f1xx_hal_cortex.o
 .debug_line    0x000000000000556e      0xaa6 Drivers/STM32F1xx_HAL_Driver/Src/stm32f1xx_hal_dma.o
 .debug_line    0x0000000000006014      0x83f Drivers/STM32F1xx_HAL_Driver/Src/stm32f1xx_hal_gpio.o
 .debug_line    0x0000000000006853      0x901 Drivers/STM32F1xx_HAL_Driver/Src/stm32f1xx_hal_rcc.o
 .debug_line    0x0000000000007154      0x71f Drivers/STM32F1xx_HAL_Driver/Src/stm32f1xx_hal_rcc_ex.o
 .debug_line    0x0000000000007873     0x100d Drivers/STM32F1xx_HAL_Driver/Src/stm32f1xx_hal_spi.o
 .debug_line    0x0000000000008880     0x1705 Drivers/STM32F1xx_HAL_Driver/Src/stm32f1xx_hal_tim.o
 .debug_line    0x0000000000009f85      0xc52 Drivers/STM32F1xx_HAL_Driver/Src/stm32f1xx_hal_tim_ex.o

.debug_str      0x0000000000000000    0x75568
 .debug_str     0x0000000000000000     0x3a8e Core/Src/FONT.o
                                       0x3bf6 (size before relaxing)
 .debug_str     0x0000000000003a8e    0x6ecb3 Core/Src/main.o
                                      0x72b71 (size before relaxing)
 .debug_str     0x0000000000072741       0x81 Core/Src/menu.o
                                      0x72361 (size before relaxing)
 .debug_str     0x00000000000727c2       0xde Core/Src/stm32f1xx_hal_msp.o
                                      0x6f876 (size before relaxing)
 .debug_str     0x00000000000728a0       0xfb Core/Src/stm32f1xx_it.o
                                      0x6f212 (size before relaxing)
 .debug_str     0x000000000007299b       0x4b Core/Src/system_joy.o
                                      0x6f345 (size before relaxing)
 .debug_str     0x00000000000729e6       0x83 Core/Src/system_lcd.o
                                      0x6f3d4 (size before relaxing)
 .debug_str     0x0000000000072a69       0xc2 Core/Src/system_stm32f1xx.o
                                      0x6ec87 (size before relaxing)
 .debug_str     0x0000000000072b2b       0x36 Core/Startup/startup_stm32f103rbtx.o
                                         0x74 (size before relaxing)
 .debug_str     0x0000000000072b61      0x3c5 Drivers/STM32F1xx_HAL_Driver/Src/stm32f1xx_hal.o
                                      0x6f298 (size before relaxing)
 .debug_str     0x0000000000072f26      0x357 Drivers/STM32F1xx_HAL_Driver/Src/stm32f1xx_hal_adc.o
                                      0x6f29d (size before relaxing)
 .debug_str     0x000000000007327d      0x2c8 Drivers/STM32F1xx_HAL_Driver/Src/stm32f1xx_hal_cortex.o
                                      0x6f2a6 (size before relaxing)
 .debug_str     0x0000000000073545      0x23f Drivers/STM32F1xx_HAL_Driver/Src/stm32f1xx_hal_dma.o
                                      0x6efe8 (size before relaxing)
 .debug_str     0x0000000000073784      0x31f Drivers/STM32F1xx_HAL_Driver/Src/stm32f1xx_hal_gpio.o
                                      0x6efd1 (size before relaxing)
 .debug_str     0x0000000000073aa3      0x263 Drivers/STM32F1xx_HAL_Driver/Src/stm32f1xx_hal_rcc.o
                                      0x6f00a (size before relaxing)
 .debug_str     0x0000000000073d06       0xb9 Drivers/STM32F1xx_HAL_Driver/Src/stm32f1xx_hal_rcc_ex.o
                                      0x6ed97 (size before relaxing)
 .debug_str     0x0000000000073dbf      0x529 Drivers/STM32F1xx_HAL_Driver/Src/stm32f1xx_hal_spi.o
                                      0x6f4f8 (size before relaxing)
 .debug_str     0x00000000000742e8      0xd51 Drivers/STM32F1xx_HAL_Driver/Src/stm32f1xx_hal_tim.o
                                      0x6fdd5 (size before relaxing)
 .debug_str     0x0000000000075039      0x52f Drivers/STM32F1xx_HAL_Driver/Src/stm32f1xx_hal_tim_ex.o
                                      0x6f5d5 (size before relaxing)

.comment        0x0000000000000000       0x7b
 .comment       0x0000000000000000       0x7b Core/Src/FONT.o
                                         0x7c (size before relaxing)
 .comment       0x000000000000007b       0x7c Core/Src/main.o
 .comment       0x000000000000007b       0x7c Core/Src/menu.o
 .comment       0x000000000000007b       0x7c Core/Src/stm32f1xx_hal_msp.o
 .comment       0x000000000000007b       0x7c Core/Src/stm32f1xx_it.o
 .comment       0x000000000000007b       0x7c Core/Src/system_joy.o
 .comment       0x000000000000007b       0x7c Core/Src/system_lcd.o
 .comment       0x000000000000007b       0x7c Core/Src/system_stm32f1xx.o
 .comment       0x000000000000007b       0x7c Drivers/STM32F1xx_HAL_Driver/Src/stm32f1xx_hal.o
 .comment       0x000000000000007b       0x7c Drivers/STM32F1xx_HAL_Driver/Src/stm32f1xx_hal_adc.o
 .comment       0x000000000000007b       0x7c Drivers/STM32F1xx_HAL_Driver/Src/stm32f1xx_hal_cortex.o
 .comment       0x000000000000007b       0x7c Drivers/STM32F1xx_HAL_Driver/Src/stm32f1xx_hal_dma.o
 .comment       0x000000000000007b       0x7c Drivers/STM32F1xx_HAL_Driver/Src/stm32f1xx_hal_gpio.o
 .comment       0x000000000000007b       0x7c Drivers/STM32F1xx_HAL_Driver/Src/stm32f1xx_hal_rcc.o
 .comment       0x000000000000007b       0x7c Drivers/STM32F1xx_HAL_Driver/Src/stm32f1xx_hal_rcc_ex.o
 .comment       0x000000000000007b       0x7c Drivers/STM32F1xx_HAL_Driver/Src/stm32f1xx_hal_spi.o
 .comment       0x000000000000007b       0x7c Drivers/STM32F1xx_HAL_Driver/Src/stm32f1xx_hal_tim.o
 .comment       0x000000000000007b       0x7c Drivers/STM32F1xx_HAL_Driver/Src/stm32f1xx_hal_tim_ex.o

.debug_ranges   0x0000000000000000      0xc68
 .debug_ranges  0x0000000000000000       0x50 Core/Src/main.o
 .debug_ranges  0x0000000000000050       0x38 Core/Src/menu.o
 .debug_ranges  0x0000000000000088       0x40 Core/Src/stm32f1xx_hal_msp.o
 .debug_ranges  0x00000000000000c8       0x68 Core/Src/stm32f1xx_it.o
 .debug_ranges  0x0000000000000130       0x28 Core/Src/system_joy.o
 .debug_ranges  0x0000000000000158       0x48 Core/Src/system_lcd.o
 .debug_ranges  0x00000000000001a0       0x18 Core/Src/system_stm32f1xx.o
 .debug_ranges  0x00000000000001b8       0x20 Core/Startup/startup_stm32f103rbtx.o
 .debug_ranges  0x00000000000001d8       0xd0 Drivers/STM32F1xx_HAL_Driver/Src/stm32f1xx_hal.o
 .debug_ranges  0x00000000000002a8       0xe0 Drivers/STM32F1xx_HAL_Driver/Src/stm32f1xx_hal_adc.o
 .debug_ranges  0x0000000000000388       0xf0 Drivers/STM32F1xx_HAL_Driver/Src/stm32f1xx_hal_cortex.o
 .debug_ranges  0x0000000000000478       0x70 Drivers/STM32F1xx_HAL_Driver/Src/stm32f1xx_hal_dma.o
 .debug_ranges  0x00000000000004e8       0x48 Drivers/STM32F1xx_HAL_Driver/Src/stm32f1xx_hal_gpio.o
 .debug_ranges  0x0000000000000530       0x80 Drivers/STM32F1xx_HAL_Driver/Src/stm32f1xx_hal_rcc.o
 .debug_ranges  0x00000000000005b0       0x20 Drivers/STM32F1xx_HAL_Driver/Src/stm32f1xx_hal_rcc_ex.o
 .debug_ranges  0x00000000000005d0      0x1c0 Drivers/STM32F1xx_HAL_Driver/Src/stm32f1xx_hal_spi.o
 .debug_ranges  0x0000000000000790      0x398 Drivers/STM32F1xx_HAL_Driver/Src/stm32f1xx_hal_tim.o
 .debug_ranges  0x0000000000000b28      0x140 Drivers/STM32F1xx_HAL_Driver/Src/stm32f1xx_hal_tim_ex.o

.debug_frame    0x0000000000000000     0x3770
 .debug_frame   0x0000000000000000      0x140 Core/Src/main.o
 .debug_frame   0x0000000000000140       0xf4 Core/Src/menu.o
 .debug_frame   0x0000000000000234      0x110 Core/Src/stm32f1xx_hal_msp.o
 .debug_frame   0x0000000000000344      0x160 Core/Src/stm32f1xx_it.o
 .debug_frame   0x00000000000004a4       0xb0 Core/Src/system_joy.o
 .debug_frame   0x0000000000000554      0x130 Core/Src/system_lcd.o
 .debug_frame   0x0000000000000684       0x58 Core/Src/system_stm32f1xx.o
 .debug_frame   0x00000000000006dc      0x334 Drivers/STM32F1xx_HAL_Driver/Src/stm32f1xx_hal.o
 .debug_frame   0x0000000000000a10      0x40c Drivers/STM32F1xx_HAL_Driver/Src/stm32f1xx_hal_adc.o
 .debug_frame   0x0000000000000e1c      0x428 Drivers/STM32F1xx_HAL_Driver/Src/stm32f1xx_hal_cortex.o
 .debug_frame   0x0000000000001244      0x208 Drivers/STM32F1xx_HAL_Driver/Src/stm32f1xx_hal_dma.o
 .debug_frame   0x000000000000144c      0x14c Drivers/STM32F1xx_HAL_Driver/Src/stm32f1xx_hal_gpio.o
 .debug_frame   0x0000000000001598      0x21c Drivers/STM32F1xx_HAL_Driver/Src/stm32f1xx_hal_rcc.o
 .debug_frame   0x00000000000017b4       0x84 Drivers/STM32F1xx_HAL_Driver/Src/stm32f1xx_hal_rcc_ex.o
 .debug_frame   0x0000000000001838      0x824 Drivers/STM32F1xx_HAL_Driver/Src/stm32f1xx_hal_spi.o
 .debug_frame   0x000000000000205c     0x10e8 Drivers/STM32F1xx_HAL_Driver/Src/stm32f1xx_hal_tim.o
 .debug_frame   0x0000000000003144      0x5c0 Drivers/STM32F1xx_HAL_Driver/Src/stm32f1xx_hal_tim_ex.o
 .debug_frame   0x0000000000003704       0x2c c:/st/stm32cubeide_1.3.0/stm32cubeide/plugins/com.st.stm32cube.ide.mcu.externaltools.gnu-tools-for-stm32.7-2018-q2-update.win32_1.0.0.201904181610/tools/bin/../lib/gcc/arm-none-eabi/7.3.1/../../../../arm-none-eabi/lib/thumb/v7-m\libc_nano.a(lib_a-init.o)
 .debug_frame   0x0000000000003730       0x20 c:/st/stm32cubeide_1.3.0/stm32cubeide/plugins/com.st.stm32cube.ide.mcu.externaltools.gnu-tools-for-stm32.7-2018-q2-update.win32_1.0.0.201904181610/tools/bin/../lib/gcc/arm-none-eabi/7.3.1/../../../../arm-none-eabi/lib/thumb/v7-m\libc_nano.a(lib_a-memset.o)
 .debug_frame   0x0000000000003750       0x20 c:/st/stm32cubeide_1.3.0/stm32cubeide/plugins/com.st.stm32cube.ide.mcu.externaltools.gnu-tools-for-stm32.7-2018-q2-update.win32_1.0.0.201904181610/tools/bin/../lib/gcc/arm-none-eabi/7.3.1/../../../../arm-none-eabi/lib/thumb/v7-m\libc_nano.a(lib_a-strcpy.o)
